

================================================================
== Vivado HLS Report for 'fft_stages8'
================================================================
* Date:           Thu Nov 16 12:07:19 2017

* Version:        2017.2 (Build 1909853 on Thu Jun 15 18:55:24 MDT 2017)
* Project:        fft
* Solution:       solution1
* Product family: kintex7
* Target device:  xc7k70tfbg484-2


================================================================
== Performance Estimates
================================================================
+ Timing (ns): 
    * Summary: 
    +--------+-------+----------+------------+
    |  Clock | Target| Estimated| Uncertainty|
    +--------+-------+----------+------------+
    |ap_clk  |  10.00|      8.70|        1.25|
    +--------+-------+----------+------------+

+ Latency (clock cycles): 
    * Summary: 
    +-----+-------+-----+-------+---------+
    |   Latency   |   Interval  | Pipeline|
    | min |  max  | min |  max  |   Type  |
    +-----+-------+-----+-------+---------+
    |   31|  12295|   31|  12295|   none  |
    +-----+-------+-----+-------+---------+

    + Detail: 
        * Instance: 
        N/A

        * Loop: 
        +----------------+-----+-------+-----------+-----------+-----------+---------+----------+
        |                |   Latency   | Iteration |  Initiation Interval  |   Trip  |          |
        |    Loop Name   | min |  max  |  Latency  |  achieved |   target  |  Count  | Pipelined|
        +----------------+-----+-------+-----------+-----------+-----------+---------+----------+
        |- butterfly     |   30|  12294| 15 ~ 6147 |          -|          -|        2|    no    |
        | + butterfly.1  |   12|   6144|         12|          -|          -| 1 ~ 512 |    no    |
        +----------------+-----+-------+-----------+-----------+-----------+---------+----------+



================================================================
== Utilization Estimates
================================================================
* Summary: 
+-----------------+---------+-------+-------+-------+
|       Name      | BRAM_18K| DSP48E|   FF  |  LUT  |
+-----------------+---------+-------+-------+-------+
|DSP              |        -|      -|      -|      -|
|Expression       |        -|      -|    213|     98|
|FIFO             |        -|      -|      -|      -|
|Instance         |        -|     20|   1420|   1396|
|Memory           |        2|      -|      0|      0|
|Multiplexer      |        -|      -|      -|    183|
|Register         |        -|      -|    534|      -|
+-----------------+---------+-------+-------+-------+
|Total            |        2|     20|   2167|   1677|
+-----------------+---------+-------+-------+-------+
|Available        |      270|    240|  84400|  42200|
+-----------------+---------+-------+-------+-------+
|Utilization (%)  |    ~0   |      8|      2|      3|
+-----------------+---------+-------+-------+-------+

+ Detail: 
    * Instance: 
    +----------------------------+----------------------+---------+-------+-----+-----+
    |          Instance          |        Module        | BRAM_18K| DSP48E|  FF | LUT |
    +----------------------------+----------------------+---------+-------+-----+-----+
    |fft_fadd_32ns_32ndEe_x_U17  |fft_fadd_32ns_32ndEe  |        0|      2|  227|  214|
    |fft_fadd_32ns_32ndEe_x_U18  |fft_fadd_32ns_32ndEe  |        0|      2|  227|  214|
    |fft_faddfsub_32nscud_x_U16  |fft_faddfsub_32nscud  |        0|      2|  227|  214|
    |fft_fmul_32ns_32neOg_x_U19  |fft_fmul_32ns_32neOg  |        0|      3|  128|  135|
    |fft_fmul_32ns_32neOg_x_U20  |fft_fmul_32ns_32neOg  |        0|      3|  128|  135|
    |fft_fmul_32ns_32neOg_x_U21  |fft_fmul_32ns_32neOg  |        0|      3|  128|  135|
    |fft_fmul_32ns_32neOg_x_U22  |fft_fmul_32ns_32neOg  |        0|      3|  128|  135|
    |fft_fsub_32ns_32nbkb_x_U15  |fft_fsub_32ns_32nbkb  |        0|      2|  227|  214|
    +----------------------------+----------------------+---------+-------+-----+-----+
    |Total                       |                      |        0|     20| 1420| 1396|
    +----------------------------+----------------------+---------+-------+-----+-----+

    * DSP48: 
    N/A

    * Memory: 
    +------------+----------------------+---------+---+----+------+-----+------+-------------+
    |   Memory   |        Module        | BRAM_18K| FF| LUT| Words| Bits| Banks| W*Bits*Banks|
    +------------+----------------------+---------+---+----+------+-----+------+-------------+
    |W_imag22_U  |fft_stages8_W_imag8j  |        1|  0|   0|   512|   32|     1|        16384|
    |W_real30_U  |fft_stages8_W_reafYi  |        1|  0|   0|   512|   32|     1|        16384|
    +------------+----------------------+---------+---+----+------+-----+------+-------------+
    |Total       |                      |        2|  0|   0|  1024|   64|     2|        32768|
    +------------+----------------------+---------+---+----+------+-----+------+-------------+

    * FIFO: 
    N/A

    * Expression: 
    +--------------------+----------+-------+-----+----+------------+------------+
    |    Variable Name   | Operation| DSP48E|  FF | LUT| Bitwidth P0| Bitwidth P1|
    +--------------------+----------+-------+-----+----+------------+------------+
    |i_2_fu_313_p2       |     +    |      0|  101|  37|          32|           3|
    |i_lower_fu_295_p2   |     +    |      0|  101|  37|          32|           2|
    |j_fu_255_p2         |     +    |      0|   11|   8|           2|           1|
    |exitcond_fu_249_p2  |   icmp   |      0|    0|   1|           2|           3|
    |icmp_fu_289_p2      |   icmp   |      0|    0|  13|          22|           1|
    |ap_block_state1     |    or    |      0|    0|   2|           1|           1|
    +--------------------+----------+-------+-----+----+------------+------------+
    |Total               |          |      0|  213|  98|          91|          11|
    +--------------------+----------+-------+-----+----+------------+------------+

    * Multiplexer: 
    +-------------------+----+-----------+-----+-----------+
    |        Name       | LUT| Input Size| Bits| Total Bits|
    +-------------------+----+-----------+-----+-----------+
    |X_I_address0       |  13|          3|   10|         30|
    |X_R_address0       |  13|          3|   10|         30|
    |ap_NS_fsm          |  65|         16|    1|         16|
    |ap_done            |   9|          2|    1|          2|
    |grp_fu_189_p0      |  13|          3|   32|         96|
    |grp_fu_189_p1      |  13|          3|   32|         96|
    |grp_fu_193_opcode  |  13|          3|    2|          6|
    |grp_fu_193_p0      |  13|          3|   32|         96|
    |grp_fu_193_p1      |  13|          3|   32|         96|
    |i2_reg_179         |   9|          2|   32|         64|
    |i_reg_168          |   9|          2|    2|          4|
    +-------------------+----+-----------+-----+-----------+
    |Total              | 183|         43|  186|        536|
    +-------------------+----+-----------+-----+-----------+

    * Register: 
    +-----------------+----+----+-----+-----------+
    |       Name      | FF | LUT| Bits| Const Bits|
    +-----------------+----+----+-----+-----------+
    |ap_CS_fsm        |  15|   0|   15|          0|
    |ap_done_reg      |   1|   0|    1|          0|
    |c_reg_342        |  32|   0|   32|          0|
    |i2_reg_179       |  32|   0|   32|          0|
    |i_2_reg_421      |  32|   0|   32|          0|
    |i_cast2_reg_319  |   2|   0|   32|         30|
    |i_reg_168        |   2|   0|    2|          0|
    |j_reg_327        |   2|   0|    2|          0|
    |reg_229          |  32|   0|   32|          0|
    |reg_237          |  32|   0|   32|          0|
    |s_reg_348        |  32|   0|   32|          0|
    |temp_I_reg_415   |  32|   0|   32|          0|
    |temp_R_reg_409   |  32|   0|   32|          0|
    |tmp_1_reg_373    |  32|   0|   32|          0|
    |tmp_2_reg_378    |  32|   0|   32|          0|
    |tmp_3_reg_383    |  32|   0|   32|          0|
    |tmp_4_reg_388    |  32|   0|   32|          0|
    |tmp_9_reg_393    |  64|   0|   64|          0|
    |tmp_s_reg_357    |  64|   0|   64|          0|
    +-----------------+----+----+-----+-----------+
    |Total            | 534|   0|  564|         30|
    +-----------------+----+----+-----+-----------+



================================================================
== Interface
================================================================
* Summary: 
+----------------+-----+-----+------------+--------------+--------------+
|    RTL Ports   | Dir | Bits|  Protocol  | Source Object|    C Type    |
+----------------+-----+-----+------------+--------------+--------------+
|ap_clk          |  in |    1| ap_ctrl_hs |  fft_stages8 | return value |
|ap_rst          |  in |    1| ap_ctrl_hs |  fft_stages8 | return value |
|ap_start        |  in |    1| ap_ctrl_hs |  fft_stages8 | return value |
|ap_done         | out |    1| ap_ctrl_hs |  fft_stages8 | return value |
|ap_continue     |  in |    1| ap_ctrl_hs |  fft_stages8 | return value |
|ap_idle         | out |    1| ap_ctrl_hs |  fft_stages8 | return value |
|ap_ready        | out |    1| ap_ctrl_hs |  fft_stages8 | return value |
|X_R_address0    | out |   10|  ap_memory |      X_R     |     array    |
|X_R_ce0         | out |    1|  ap_memory |      X_R     |     array    |
|X_R_q0          |  in |   32|  ap_memory |      X_R     |     array    |
|X_I_address0    | out |   10|  ap_memory |      X_I     |     array    |
|X_I_ce0         | out |    1|  ap_memory |      X_I     |     array    |
|X_I_q0          |  in |   32|  ap_memory |      X_I     |     array    |
|OUT_R_address0  | out |   10|  ap_memory |     OUT_R    |     array    |
|OUT_R_ce0       | out |    1|  ap_memory |     OUT_R    |     array    |
|OUT_R_we0       | out |    1|  ap_memory |     OUT_R    |     array    |
|OUT_R_d0        | out |   32|  ap_memory |     OUT_R    |     array    |
|OUT_R_address1  | out |   10|  ap_memory |     OUT_R    |     array    |
|OUT_R_ce1       | out |    1|  ap_memory |     OUT_R    |     array    |
|OUT_R_we1       | out |    1|  ap_memory |     OUT_R    |     array    |
|OUT_R_d1        | out |   32|  ap_memory |     OUT_R    |     array    |
|OUT_I_address0  | out |   10|  ap_memory |     OUT_I    |     array    |
|OUT_I_ce0       | out |    1|  ap_memory |     OUT_I    |     array    |
|OUT_I_we0       | out |    1|  ap_memory |     OUT_I    |     array    |
|OUT_I_d0        | out |   32|  ap_memory |     OUT_I    |     array    |
|OUT_I_address1  | out |   10|  ap_memory |     OUT_I    |     array    |
|OUT_I_ce1       | out |    1|  ap_memory |     OUT_I    |     array    |
|OUT_I_we1       | out |    1|  ap_memory |     OUT_I    |     array    |
|OUT_I_d1        | out |   32|  ap_memory |     OUT_I    |     array    |
+----------------+-----+-----+------------+--------------+--------------+

