

================================================================
== Vivado HLS Report for 'dft'
================================================================
* Date:           Sun Nov  5 19:10:39 2017

* Version:        2017.2 (Build 1909853 on Thu Jun 15 18:55:24 MDT 2017)
* Project:        dft256_optimized
* Solution:       solution1
* Product family: kintex7
* Target device:  xc7k70tfbg484-2


================================================================
== Performance Estimates
================================================================
+ Timing (ns): 
    * Summary: 
    +--------+-------+----------+------------+
    |  Clock | Target| Estimated| Uncertainty|
    +--------+-------+----------+------------+
    |ap_clk  |  10.00|      8.15|        1.25|
    +--------+-------+----------+------------+

+ Latency (clock cycles): 
    * Summary: 
    +---------+---------+---------+---------+---------+
    |      Latency      |      Interval     | Pipeline|
    |   min   |   max   |   min   |   max   |   Type  |
    +---------+---------+---------+---------+---------+
    |  1115138|  1115138|  1115139|  1115139|   none  |
    +---------+---------+---------+---------+---------+

    + Detail: 
        * Instance: 
        N/A

        * Loop: 
        +-------------+---------+---------+----------+-----------+-----------+------+----------+
        |             |      Latency      | Iteration|  Initiation Interval  | Trip |          |
        |  Loop Name  |   min   |   max   |  Latency |  achieved |   target  | Count| Pipelined|
        +-------------+---------+---------+----------+-----------+-----------+------+----------+
        |- Loop 1     |  1114624|  1114624|      4354|          -|          -|   256|    no    |
        | + Loop 1.1  |     4352|     4352|        17|          -|          -|   256|    no    |
        |- Loop 2     |      512|      512|         2|          -|          -|   256|    no    |
        +-------------+---------+---------+----------+-----------+-----------+------+----------+



================================================================
== Utilization Estimates
================================================================
* Summary: 
+-----------------+---------+-------+-------+-------+
|       Name      | BRAM_18K| DSP48E|   FF  |  LUT  |
+-----------------+---------+-------+-------+-------+
|DSP              |        -|      -|      -|      -|
|Expression       |        -|      0|     96|    119|
|FIFO             |        -|      -|      -|      -|
|Instance         |        -|     50|   2742|   3116|
|Memory           |      260|      -|      0|      0|
|Multiplexer      |        -|      -|      -|    289|
|Register         |        -|      -|    876|      -|
+-----------------+---------+-------+-------+-------+
|Total            |      260|     50|   3714|   3524|
+-----------------+---------+-------+-------+-------+
|Available        |      270|    240|  84400|  42200|
+-----------------+---------+-------+-------+-------+
|Utilization (%)  |       96|     20|      4|      8|
+-----------------+---------+-------+-------+-------+

+ Detail: 
    * Instance: 
    +--------------------------+----------------------+---------+-------+-----+-----+
    |         Instance         |        Module        | BRAM_18K| DSP48E|  FF | LUT |
    +--------------------------+----------------------+---------+-------+-----+-----+
    |dft_dadd_64ns_64nfYi_U8   |dft_dadd_64ns_64nfYi  |        0|      3|  445|  782|
    |dft_dadddsub_64nseOg_U7   |dft_dadddsub_64nseOg  |        0|      3|  445|  782|
    |dft_dmul_64ns_64ng8j_U9   |dft_dmul_64ns_64ng8j  |        0|     11|  299|  203|
    |dft_dmul_64ns_64ng8j_U10  |dft_dmul_64ns_64ng8j  |        0|     11|  299|  203|
    |dft_dmul_64ns_64ng8j_U11  |dft_dmul_64ns_64ng8j  |        0|     11|  299|  203|
    |dft_dmul_64ns_64ng8j_U12  |dft_dmul_64ns_64ng8j  |        0|     11|  299|  203|
    |dft_fpext_32ns_64_1_U3    |dft_fpext_32ns_64_1   |        0|      0|  100|  138|
    |dft_fpext_32ns_64_1_U4    |dft_fpext_32ns_64_1   |        0|      0|  100|  138|
    |dft_fpext_32ns_64_1_U5    |dft_fpext_32ns_64_1   |        0|      0|  100|  138|
    |dft_fpext_32ns_64_1_U6    |dft_fpext_32ns_64_1   |        0|      0|  100|  138|
    |dft_fptrunc_64ns_dEe_U1   |dft_fptrunc_64ns_dEe  |        0|      0|  128|   94|
    |dft_fptrunc_64ns_dEe_U2   |dft_fptrunc_64ns_dEe  |        0|      0|  128|   94|
    +--------------------------+----------------------+---------+-------+-----+-----+
    |Total                     |                      |        0|     50| 2742| 3116|
    +--------------------------+----------------------+---------+-------+-----+-----+

    * DSP48: 
    N/A

    * Memory: 
    +------------------------+----------------------+---------+---+----+-------+-----+------+-------------+
    |         Memory         |        Module        | BRAM_18K| FF| LUT| Words | Bits| Banks| W*Bits*Banks|
    +------------------------+----------------------+---------+---+----+-------+-----+------+-------------+
    |cos_coefficients_tab_U  |dft_cos_coefficiebkb  |      128|  0|   0|  65536|   32|     1|      2097152|
    |sin_coefficients_tab_U  |dft_sin_coefficiecud  |      128|  0|   0|  65536|   32|     1|      2097152|
    |temp_real_U             |dft_temp_real         |        2|  0|   0|    256|   64|     1|        16384|
    |temp_imag_U             |dft_temp_real         |        2|  0|   0|    256|   64|     1|        16384|
    +------------------------+----------------------+---------+---+----+-------+-----+------+-------------+
    |Total                   |                      |      260|  0|   0| 131584|  192|     4|      4227072|
    +------------------------+----------------------+---------+---+----+-------+-----+------+-------------+

    * FIFO: 
    N/A

    * Expression: 
    +---------------------+----------+-------+----+----+------------+------------+
    |    Variable Name    | Operation| DSP48E| FF | LUT| Bitwidth P0| Bitwidth P1|
    +---------------------+----------+-------+----+----+------------+------------+
    |tmp_8_fu_287_p2      |     *    |      0|   0|  62|           8|           8|
    |i_2_fu_310_p2        |     +    |      0|  32|  14|           9|           1|
    |i_3_fu_259_p2        |     +    |      0|  32|  14|           1|           9|
    |j_1_fu_281_p2        |     +    |      0|  32|  14|           1|           9|
    |exitcond1_fu_275_p2  |   icmp   |      0|   0|   5|           9|          10|
    |exitcond2_fu_253_p2  |   icmp   |      0|   0|   5|           9|          10|
    |exitcond_fu_304_p2   |   icmp   |      0|   0|   5|           9|          10|
    +---------------------+----------+-------+----+----+------------+------------+
    |Total                |          |      0|  96| 119|          46|          57|
    +---------------------+----------+-------+----+----+------------+------------+

    * Multiplexer: 
    +----------------------+-----+-----------+-----+-----------+
    |         Name         | LUT | Input Size| Bits| Total Bits|
    +----------------------+-----+-----------+-----+-----------+
    |ap_NS_fsm             |  110|         22|    1|         22|
    |grp_fu_222_opcode     |   13|          3|    2|          6|
    |grp_fu_222_p0         |   13|          3|   64|        192|
    |grp_fu_222_p1         |   13|          3|   64|        192|
    |grp_fu_226_p0         |   13|          3|   64|        192|
    |grp_fu_226_p1         |   13|          3|   64|        192|
    |i_1_reg_185           |    9|          2|    9|         18|
    |i_reg_138             |    9|          2|    9|         18|
    |j_reg_174             |    9|          2|    9|         18|
    |sample_imag_address0  |   13|          3|    8|         24|
    |sample_real_address0  |   13|          3|    8|         24|
    |storemerge_reg_149    |    9|          2|   64|        128|
    |temp_imag_address0    |   13|          3|    8|         24|
    |temp_real_address0    |   17|          4|    8|         32|
    |temp_real_d0          |   13|          3|   64|        192|
    |tmp_2_reg_162         |    9|          2|   64|        128|
    +----------------------+-----+-----------+-----+-----------+
    |Total                 |  289|         63|  510|       1402|
    +----------------------+-----+-----------+-----+-----------+

    * Register: 
    +------------------------+----+----+-----+-----------+
    |          Name          | FF | LUT| Bits| Const Bits|
    +------------------------+----+----+-----+-----------+
    |ap_CS_fsm               |  21|   0|   21|          0|
    |c_reg_373               |  64|   0|   64|          0|
    |i_1_reg_185             |   9|   0|    9|          0|
    |i_2_reg_440             |   9|   0|    9|          0|
    |i_3_reg_330             |   9|   0|    9|          0|
    |i_reg_138               |   9|   0|    9|          0|
    |j_1_reg_348             |   9|   0|    9|          0|
    |j_reg_174               |   9|   0|    9|          0|
    |s_reg_379               |  64|   0|   64|          0|
    |storemerge_reg_149      |  64|   0|   64|          0|
    |temp_imag_addr_reg_340  |   8|   0|    8|          0|
    |temp_real_addr_reg_335  |   8|   0|    8|          0|
    |tmp_10_reg_391          |  64|   0|   64|          0|
    |tmp_11_reg_402          |  64|   0|   64|          0|
    |tmp_12_reg_417          |  64|   0|   64|          0|
    |tmp_14_reg_407          |  64|   0|   64|          0|
    |tmp_15_reg_412          |  64|   0|   64|          0|
    |tmp_16_reg_422          |  64|   0|   64|          0|
    |tmp_1_reg_322           |   8|   0|    8|          0|
    |tmp_2_reg_162           |  64|   0|   64|          0|
    |tmp_3_reg_445           |   9|   0|   64|         55|
    |tmp_7_reg_385           |  64|   0|   64|          0|
    |tmp_9_reg_397           |  64|   0|   64|          0|
    +------------------------+----+----+-----+-----------+
    |Total                   | 876|   0|  931|         55|
    +------------------------+----+----+-----+-----------+



================================================================
== Interface
================================================================
* Summary: 
+----------------------+-----+-----+------------+--------------+--------------+
|       RTL Ports      | Dir | Bits|  Protocol  | Source Object|    C Type    |
+----------------------+-----+-----+------------+--------------+--------------+
|ap_clk                |  in |    1| ap_ctrl_hs |      dft     | return value |
|ap_rst                |  in |    1| ap_ctrl_hs |      dft     | return value |
|ap_start              |  in |    1| ap_ctrl_hs |      dft     | return value |
|ap_done               | out |    1| ap_ctrl_hs |      dft     | return value |
|ap_idle               | out |    1| ap_ctrl_hs |      dft     | return value |
|ap_ready              | out |    1| ap_ctrl_hs |      dft     | return value |
|sample_real_address0  | out |    8|  ap_memory |  sample_real |     array    |
|sample_real_ce0       | out |    1|  ap_memory |  sample_real |     array    |
|sample_real_we0       | out |    1|  ap_memory |  sample_real |     array    |
|sample_real_d0        | out |   32|  ap_memory |  sample_real |     array    |
|sample_real_q0        |  in |   32|  ap_memory |  sample_real |     array    |
|sample_imag_address0  | out |    8|  ap_memory |  sample_imag |     array    |
|sample_imag_ce0       | out |    1|  ap_memory |  sample_imag |     array    |
|sample_imag_we0       | out |    1|  ap_memory |  sample_imag |     array    |
|sample_imag_d0        | out |   32|  ap_memory |  sample_imag |     array    |
|sample_imag_q0        |  in |   32|  ap_memory |  sample_imag |     array    |
+----------------------+-----+-----+------------+--------------+--------------+

