

================================================================
== Vivado HLS Report for 'fir'
================================================================
* Date:           Thu Oct 12 18:01:11 2017

* Version:        2017.2 (Build 1909853 on Thu Jun 15 18:55:24 MDT 2017)
* Project:        fir128-sol4
* Solution:       solution1
* Product family: kintex7
* Target device:  xc7k160tfbg484-2


================================================================
== Performance Estimates
================================================================
+ Timing (ns): 
    * Summary: 
    +--------+-------+----------+------------+
    |  Clock | Target| Estimated| Uncertainty|
    +--------+-------+----------+------------+
    |ap_clk  |  10.00|      8.10|        1.25|
    +--------+-------+----------+------------+

+ Latency (clock cycles): 
    * Summary: 
    +-----+-----+-----+-----+---------+
    |  Latency  |  Interval | Pipeline|
    | min | max | min | max |   Type  |
    +-----+-----+-----+-----+---------+
    |  640|  640|  641|  641|   none  |
    +-----+-----+-----+-----+---------+

    + Detail: 
        * Instance: 
        N/A

        * Loop: 
        +----------+-----+-----+----------+-----------+-----------+------+----------+
        |          |  Latency  | Iteration|  Initiation Interval  | Trip |          |
        | Loop Name| min | max |  Latency |  achieved |   target  | Count| Pipelined|
        +----------+-----+-----+----------+-----------+-----------+------+----------+
        |- Loop 1  |  254|  254|         2|          -|          -|   127|    no    |
        |- Loop 2  |  384|  384|         3|          -|          -|   128|    no    |
        +----------+-----+-----+----------+-----------+-----------+------+----------+



================================================================
== Utilization Estimates
================================================================
* Summary: 
+-----------------+---------+-------+--------+--------+
|       Name      | BRAM_18K| DSP48E|   FF   |   LUT  |
+-----------------+---------+-------+--------+--------+
|DSP              |        -|      -|       -|       -|
|Expression       |        -|      4|     156|     114|
|FIFO             |        -|      -|       -|       -|
|Instance         |        -|      -|       -|       -|
|Memory           |        1|      -|       5|      10|
|Multiplexer      |        -|      -|       -|     118|
|Register         |        -|      -|     112|       -|
+-----------------+---------+-------+--------+--------+
|Total            |        1|      4|     273|     242|
+-----------------+---------+-------+--------+--------+
|Available        |      650|    600|  202800|  101400|
+-----------------+---------+-------+--------+--------+
|Utilization (%)  |    ~0   |   ~0  |   ~0   |   ~0   |
+-----------------+---------+-------+--------+--------+

+ Detail: 
    * Instance: 
    N/A

    * DSP48: 
    N/A

    * Memory: 
    +--------------+----------------+---------+---+----+------+-----+------+-------------+
    |    Memory    |     Module     | BRAM_18K| FF| LUT| Words| Bits| Banks| W*Bits*Banks|
    +--------------+----------------+---------+---+----+------+-----+------+-------------+
    |c_U           |fir_c           |        0|  5|  10|   128|    5|     1|          640|
    |delay_line_U  |fir_delay_line  |        1|  0|   0|   128|   32|     1|         4096|
    +--------------+----------------+---------+---+----+------+-----+------+-------------+
    |Total         |                |        1|  5|  10|   256|   37|     2|         4736|
    +--------------+----------------+---------+---+----+------+-----+------+-------------+

    * FIFO: 
    N/A

    * Expression: 
    +-----------------+----------+-------+-----+----+------------+------------+
    |  Variable Name  | Operation| DSP48E|  FF | LUT| Bitwidth P0| Bitwidth P1|
    +-----------------+----------+-------+-----+----+------------+------------+
    |tmp_3_fu_174_p2  |     *    |      4|    0|  48|           5|          32|
    |acc_1_fu_179_p2  |     +    |      0|  101|  37|          32|          32|
    |i_1_fu_140_p2    |     +    |      0|   26|  12|           7|           2|
    |i_2_fu_165_p2    |     +    |      0|   29|  13|           8|           2|
    |tmp_fu_134_p2    |   icmp   |      0|    0|   4|           7|           1|
    +-----------------+----------+-------+-----+----+------------+------------+
    |Total            |          |      4|  156| 114|          59|          69|
    +-----------------+----------+-------+-----+----+------------+------------+

    * Multiplexer: 
    +---------------------+----+-----------+-----+-----------+
    |         Name        | LUT| Input Size| Bits| Total Bits|
    +---------------------+----+-----------+-----+-----------+
    |acc_reg_106          |   9|          2|   32|         64|
    |ap_NS_fsm            |  45|          7|    1|          7|
    |delay_line_address0  |  33|          5|    7|         35|
    |delay_line_d0        |  13|          3|   32|         96|
    |i1_reg_119           |   9|          2|    8|         16|
    |i_reg_95             |   9|          2|    7|         14|
    +---------------------+----+-----------+-----+-----------+
    |Total                | 118|         21|   87|        232|
    +---------------------+----+-----------+-----+-----------+

    * Register: 
    +---------------------------+----+----+-----+-----------+
    |            Name           | FF | LUT| Bits| Const Bits|
    +---------------------------+----+----+-----+-----------+
    |acc_reg_106                |  32|   0|   32|          0|
    |ap_CS_fsm                  |   6|   0|    6|          0|
    |c_load_reg_231             |   5|   0|    5|          0|
    |delay_line_load_1_reg_226  |  32|   0|   32|          0|
    |i1_reg_119                 |   8|   0|    8|          0|
    |i_1_reg_198                |   7|   0|    7|          0|
    |i_2_reg_221                |   8|   0|    8|          0|
    |i_cast1_reg_190            |   7|   0|   32|         25|
    |i_reg_95                   |   7|   0|    7|          0|
    +---------------------------+----+----+-----+-----------+
    |Total                      | 112|   0|  137|         25|
    +---------------------------+----+----+-----+-----------+



================================================================
== Interface
================================================================
* Summary: 
+----------+-----+-----+------------+--------------+--------------+
| RTL Ports| Dir | Bits|  Protocol  | Source Object|    C Type    |
+----------+-----+-----+------------+--------------+--------------+
|ap_clk    |  in |    1| ap_ctrl_hs |      fir     | return value |
|ap_rst    |  in |    1| ap_ctrl_hs |      fir     | return value |
|ap_start  |  in |    1| ap_ctrl_hs |      fir     | return value |
|ap_done   | out |    1| ap_ctrl_hs |      fir     | return value |
|ap_idle   | out |    1| ap_ctrl_hs |      fir     | return value |
|ap_ready  | out |    1| ap_ctrl_hs |      fir     | return value |
|y         | out |   32|   ap_vld   |       y      |    pointer   |
|y_ap_vld  | out |    1|   ap_vld   |       y      |    pointer   |
|x         |  in |   32|   ap_none  |       x      |    scalar    |
+----------+-----+-----+------------+--------------+--------------+

