

================================================================
== Vivado HLS Report for 'fft_stages13'
================================================================
* Date:           Fri Nov 17 00:18:00 2017

* Version:        2017.2 (Build 1909853 on Thu Jun 15 18:55:24 MDT 2017)
* Project:        fft
* Solution:       solution2
* Product family: kintex7
* Target device:  xc7k70tfbg484-2


================================================================
== Performance Estimates
================================================================
+ Timing (ns): 
    * Summary: 
    +--------+-------+----------+------------+
    |  Clock | Target| Estimated| Uncertainty|
    +--------+-------+----------+------------+
    |ap_clk  |  10.00|      8.70|        1.25|
    +--------+-------+----------+------------+

+ Latency (clock cycles): 
    * Summary: 
    +-----+-----+-----+-----+---------+
    |  Latency  |  Interval | Pipeline|
    | min | max | min | max |   Type  |
    +-----+-----+-----+-----+---------+
    |  524|  524|  524|  524|   none  |
    +-----+-----+-----+-----+---------+

    + Detail: 
        * Instance: 
        N/A

        * Loop: 
        +-------------+-----+-----+----------+-----------+-----------+------+----------+
        |             |  Latency  | Iteration|  Initiation Interval  | Trip |          |
        |  Loop Name  | min | max |  Latency |  achieved |   target  | Count| Pipelined|
        +-------------+-----+-----+----------+-----------+-----------+------+----------+
        |- butterfly  |  522|  522|        12|          1|          1|   512|    yes   |
        +-------------+-----+-----+----------+-----------+-----------+------+----------+



================================================================
== Utilization Estimates
================================================================
* Summary: 
+-----------------+---------+-------+-------+-------+
|       Name      | BRAM_18K| DSP48E|   FF  |  LUT  |
+-----------------+---------+-------+-------+-------+
|DSP              |        -|      -|      -|      -|
|Expression       |        -|      -|     70|     42|
|FIFO             |        -|      -|      -|      -|
|Instance         |        -|     24|   1874|   1824|
|Memory           |        2|      -|      0|      0|
|Multiplexer      |        -|      -|      -|     53|
|Register         |        -|      -|    633|    128|
+-----------------+---------+-------+-------+-------+
|Total            |        2|     24|   2577|   2047|
+-----------------+---------+-------+-------+-------+
|Available        |      270|    240|  84400|  42200|
+-----------------+---------+-------+-------+-------+
|Utilization (%)  |    ~0   |     10|      3|      4|
+-----------------+---------+-------+-------+-------+

+ Detail: 
    * Instance: 
    +----------------------------+----------------------+---------+-------+-----+-----+
    |          Instance          |        Module        | BRAM_18K| DSP48E|  FF | LUT |
    +----------------------------+----------------------+---------+-------+-----+-----+
    |fft_fadd_32ns_32ncud_x_U90  |fft_fadd_32ns_32ncud  |        0|      2|  227|  214|
    |fft_fadd_32ns_32ncud_x_U93  |fft_fadd_32ns_32ncud  |        0|      2|  227|  214|
    |fft_fadd_32ns_32ncud_x_U94  |fft_fadd_32ns_32ncud  |        0|      2|  227|  214|
    |fft_fmul_32ns_32ndEe_x_U95  |fft_fmul_32ns_32ndEe  |        0|      3|  128|  135|
    |fft_fmul_32ns_32ndEe_x_U96  |fft_fmul_32ns_32ndEe  |        0|      3|  128|  135|
    |fft_fmul_32ns_32ndEe_x_U97  |fft_fmul_32ns_32ndEe  |        0|      3|  128|  135|
    |fft_fmul_32ns_32ndEe_x_U98  |fft_fmul_32ns_32ndEe  |        0|      3|  128|  135|
    |fft_fsub_32ns_32nbkb_x_U89  |fft_fsub_32ns_32nbkb  |        0|      2|  227|  214|
    |fft_fsub_32ns_32nbkb_x_U91  |fft_fsub_32ns_32nbkb  |        0|      2|  227|  214|
    |fft_fsub_32ns_32nbkb_x_U92  |fft_fsub_32ns_32nbkb  |        0|      2|  227|  214|
    +----------------------------+----------------------+---------+-------+-----+-----+
    |Total                       |                      |        0|     24| 1874| 1824|
    +----------------------------+----------------------+---------+-------+-----+-----+

    * DSP48: 
    N/A

    * Memory: 
    +------------+----------------------+---------+---+----+------+-----+------+-------------+
    |   Memory   |        Module        | BRAM_18K| FF| LUT| Words| Bits| Banks| W*Bits*Banks|
    +------------+----------------------+---------+---+----+------+-----+------+-------------+
    |W_imag17_U  |fft_stages8_W_imafYi  |        1|  0|   0|   512|   32|     1|        16384|
    |W_real25_U  |fft_stages8_W_reaeOg  |        1|  0|   0|   512|   32|     1|        16384|
    +------------+----------------------+---------+---+----+------+-----+------+-------------+
    |Total       |                      |        2|  0|   0|  1024|   64|     2|        32768|
    +------------+----------------------+---------+---+----+------+-----+------+-------------+

    * FIFO: 
    N/A

    * Expression: 
    +-------------------------+----------+-------+----+----+------------+------------+
    |      Variable Name      | Operation| DSP48E| FF | LUT| Bitwidth P0| Bitwidth P1|
    +-------------------------+----------+-------+----+----+------------+------------+
    |i_lower_fu_293_p2        |     +    |      0|  35|  15|           7|          10|
    |j_1_fu_241_p2            |     +    |      0|  35|  15|          10|           1|
    |exitcond_fu_235_p2       |   icmp   |      0|   0|   6|          10|          11|
    |ap_block_state1          |    or    |      0|   0|   2|           1|           1|
    |ap_enable_pp0            |    xor   |      0|   0|   2|           1|           2|
    |ap_enable_reg_pp0_iter1  |    xor   |      0|   0|   2|           1|           2|
    +-------------------------+----------+-------+----+----+------------+------------+
    |Total                    |          |      0|  70|  42|          30|          27|
    +-------------------------+----------+-------+----+----+------------+------------+

    * Multiplexer: 
    +--------------------------+----+-----------+-----+-----------+
    |           Name           | LUT| Input Size| Bits| Total Bits|
    +--------------------------+----+-----------+-----+-----------+
    |ap_NS_fsm                 |  17|          4|    1|          4|
    |ap_done                   |   9|          2|    1|          2|
    |ap_enable_reg_pp0_iter1   |   9|          2|    1|          2|
    |ap_enable_reg_pp0_iter11  |   9|          2|    1|          2|
    |j_reg_176                 |   9|          2|   10|         20|
    +--------------------------+----+-----------+-----+-----------+
    |Total                     |  53|         12|   14|         30|
    +--------------------------+----+-----------+-----+-----------+

    * Register: 
    +--------------------------+----+----+-----+-----------+
    |           Name           | FF | LUT| Bits| Const Bits|
    +--------------------------+----+----+-----+-----------+
    |X_I_load_1_reg_368        |  32|   0|   32|          0|
    |X_R_load_1_reg_362        |  32|   0|   32|          0|
    |ap_CS_fsm                 |   3|   0|    3|          0|
    |ap_done_reg               |   1|   0|    1|          0|
    |ap_enable_reg_pp0_iter0   |   1|   0|    1|          0|
    |ap_enable_reg_pp0_iter1   |   1|   0|    1|          0|
    |ap_enable_reg_pp0_iter10  |   1|   0|    1|          0|
    |ap_enable_reg_pp0_iter11  |   1|   0|    1|          0|
    |ap_enable_reg_pp0_iter2   |   1|   0|    1|          0|
    |ap_enable_reg_pp0_iter3   |   1|   0|    1|          0|
    |ap_enable_reg_pp0_iter4   |   1|   0|    1|          0|
    |ap_enable_reg_pp0_iter5   |   1|   0|    1|          0|
    |ap_enable_reg_pp0_iter6   |   1|   0|    1|          0|
    |ap_enable_reg_pp0_iter7   |   1|   0|    1|          0|
    |ap_enable_reg_pp0_iter8   |   1|   0|    1|          0|
    |ap_enable_reg_pp0_iter9   |   1|   0|    1|          0|
    |c_reg_350                 |  32|   0|   32|          0|
    |exitcond_reg_310          |   1|   0|    1|          0|
    |i1_reg_329                |  10|   0|   10|          0|
    |j_reg_176                 |  10|   0|   10|          0|
    |s_reg_356                 |  32|   0|   32|          0|
    |temp_I_reg_416            |  32|   0|   32|          0|
    |temp_R_reg_410            |  32|   0|   32|          0|
    |tmp_5_reg_394             |  10|   0|   64|         54|
    |tmp_6_reg_334             |  10|   0|   64|         54|
    |tmp_7_reg_374             |  32|   0|   32|          0|
    |tmp_8_reg_379             |  32|   0|   32|          0|
    |tmp_9_reg_384             |  32|   0|   32|          0|
    |tmp_s_reg_389             |  32|   0|   32|          0|
    |exitcond_reg_310          |  64|  32|    1|          0|
    |i1_reg_329                |  64|  32|   10|          0|
    |tmp_5_reg_394             |  64|  32|   64|         54|
    |tmp_6_reg_334             |  64|  32|   64|         54|
    +--------------------------+----+----+-----+-----------+
    |Total                     | 633| 128|  624|        216|
    +--------------------------+----+----+-----+-----------+



================================================================
== Interface
================================================================
* Summary: 
+----------------+-----+-----+------------+--------------+--------------+
|    RTL Ports   | Dir | Bits|  Protocol  | Source Object|    C Type    |
+----------------+-----+-----+------------+--------------+--------------+
|ap_clk          |  in |    1| ap_ctrl_hs | fft_stages13 | return value |
|ap_rst          |  in |    1| ap_ctrl_hs | fft_stages13 | return value |
|ap_start        |  in |    1| ap_ctrl_hs | fft_stages13 | return value |
|ap_done         | out |    1| ap_ctrl_hs | fft_stages13 | return value |
|ap_continue     |  in |    1| ap_ctrl_hs | fft_stages13 | return value |
|ap_idle         | out |    1| ap_ctrl_hs | fft_stages13 | return value |
|ap_ready        | out |    1| ap_ctrl_hs | fft_stages13 | return value |
|X_R_address0    | out |   10|  ap_memory |      X_R     |     array    |
|X_R_ce0         | out |    1|  ap_memory |      X_R     |     array    |
|X_R_q0          |  in |   32|  ap_memory |      X_R     |     array    |
|X_R_address1    | out |   10|  ap_memory |      X_R     |     array    |
|X_R_ce1         | out |    1|  ap_memory |      X_R     |     array    |
|X_R_q1          |  in |   32|  ap_memory |      X_R     |     array    |
|X_I_address0    | out |   10|  ap_memory |      X_I     |     array    |
|X_I_ce0         | out |    1|  ap_memory |      X_I     |     array    |
|X_I_q0          |  in |   32|  ap_memory |      X_I     |     array    |
|X_I_address1    | out |   10|  ap_memory |      X_I     |     array    |
|X_I_ce1         | out |    1|  ap_memory |      X_I     |     array    |
|X_I_q1          |  in |   32|  ap_memory |      X_I     |     array    |
|OUT_R_address0  | out |   10|  ap_memory |     OUT_R    |     array    |
|OUT_R_ce0       | out |    1|  ap_memory |     OUT_R    |     array    |
|OUT_R_we0       | out |    1|  ap_memory |     OUT_R    |     array    |
|OUT_R_d0        | out |   32|  ap_memory |     OUT_R    |     array    |
|OUT_R_address1  | out |   10|  ap_memory |     OUT_R    |     array    |
|OUT_R_ce1       | out |    1|  ap_memory |     OUT_R    |     array    |
|OUT_R_we1       | out |    1|  ap_memory |     OUT_R    |     array    |
|OUT_R_d1        | out |   32|  ap_memory |     OUT_R    |     array    |
|OUT_I_address0  | out |   10|  ap_memory |     OUT_I    |     array    |
|OUT_I_ce0       | out |    1|  ap_memory |     OUT_I    |     array    |
|OUT_I_we0       | out |    1|  ap_memory |     OUT_I    |     array    |
|OUT_I_d0        | out |   32|  ap_memory |     OUT_I    |     array    |
|OUT_I_address1  | out |   10|  ap_memory |     OUT_I    |     array    |
|OUT_I_ce1       | out |    1|  ap_memory |     OUT_I    |     array    |
|OUT_I_we1       | out |    1|  ap_memory |     OUT_I    |     array    |
|OUT_I_d1        | out |   32|  ap_memory |     OUT_I    |     array    |
+----------------+-----+-----+------------+--------------+--------------+

