

================================================================
== Vivado HLS Report for 'fir'
================================================================
* Date:           Mon Oct 23 18:20:38 2017

* Version:        2017.2 (Build 1909853 on Thu Jun 15 18:55:24 MDT 2017)
* Project:        complex_fir
* Solution:       solution1
* Product family: kintex7
* Target device:  xc7k160tfbg484-2


================================================================
== Performance Estimates
================================================================
+ Timing (ns): 
    * Summary: 
    +--------+-------+----------+------------+
    |  Clock | Target| Estimated| Uncertainty|
    +--------+-------+----------+------------+
    |ap_clk  |  10.00|      7.55|        1.25|
    +--------+-------+----------+------------+

+ Latency (clock cycles): 
    * Summary: 
    +-----+-----+-----+-----+---------+
    |  Latency  |  Interval | Pipeline|
    | min | max | min | max |   Type  |
    +-----+-----+-----+-----+---------+
    |  131|  131|  132|  132|   none  |
    +-----+-----+-----+-----+---------+

    + Detail: 
        * Instance: 
        +------------------+-------+-----+-----+-----+-----+----------+
        |                  |       |  Latency  |  Interval | Pipeline |
        |     Instance     | Module| min | max | min | max |   Type   |
        +------------------+-------+-----+-----+-----+-----+----------+
        |grp_firI1_fu_300  |firI1  |  127|  127|    1|    1| function |
        |grp_firI2_fu_368  |firI2  |  127|  127|    1|    1| function |
        |grp_firQ1_fu_436  |firQ1  |  127|  127|    1|    1| function |
        |grp_firQ2_fu_504  |firQ2  |  127|  127|    1|    1| function |
        +------------------+-------+-----+-----+-----+-----+----------+

        * Loop: 
        N/A



================================================================
== Utilization Estimates
================================================================
* Summary: 
+-----------------+---------+-------+--------+--------+
|       Name      | BRAM_18K| DSP48E|   FF   |   LUT  |
+-----------------+---------+-------+--------+--------+
|DSP              |        -|      -|       -|       -|
|Expression       |        -|      -|       -|       -|
|FIFO             |        -|      -|       -|       -|
|Instance         |        -|    260|   49862|   40110|
|Memory           |        -|      -|       -|       -|
|Multiplexer      |        -|      -|       -|     747|
|Register         |        -|      -|     260|       -|
+-----------------+---------+-------+--------+--------+
|Total            |        0|    260|   50122|   40857|
+-----------------+---------+-------+--------+--------+
|Available        |      650|    600|  202800|  101400|
+-----------------+---------+-------+--------+--------+
|Utilization (%)  |        0|     43|      24|      40|
+-----------------+---------+-------+--------+--------+

+ Detail: 
    * Instance: 
    +-----------------------------+----------------------+---------+-------+-------+------+
    |           Instance          |        Module        | BRAM_18K| DSP48E|   FF  |  LUT |
    +-----------------------------+----------------------+---------+-------+-------+------+
    |grp_firI1_fu_300             |firI1                 |        0|     64|  12352|  9946|
    |grp_firI2_fu_368             |firI2                 |        0|     64|  12352|  9946|
    |grp_firQ1_fu_436             |firQ1                 |        0|     64|  12352|  9895|
    |grp_firQ2_fu_504             |firQ2                 |        0|     64|  12352|  9895|
    |fir_fadd_32ns_32nbkb_x_U133  |fir_fadd_32ns_32nbkb  |        0|      2|    227|   214|
    |fir_fsub_32ns_32ncud_U134    |fir_fsub_32ns_32ncud  |        0|      2|    227|   214|
    +-----------------------------+----------------------+---------+-------+-------+------+
    |Total                        |                      |        0|    260|  49862| 40110|
    +-----------------------------+----------------------+---------+-------+-------+------+

    * DSP48: 
    N/A

    * Memory: 
    N/A

    * FIFO: 
    N/A

    * Expression: 
    N/A

    * Multiplexer: 
    +-----------+-----+-----------+-----+-----------+
    |    Name   | LUT | Input Size| Bits| Total Bits|
    +-----------+-----+-----------+-----+-----------+
    |ap_NS_fsm  |  747|        133|    1|        133|
    +-----------+-----+-----------+-----+-----------+
    |Total      |  747|        133|    1|        133|
    +-----------+-----+-----------+-----+-----------+

    * Register: 
    +-----------------+-----+----+-----+-----------+
    |       Name      |  FF | LUT| Bits| Const Bits|
    +-----------------+-----+----+-----+-----------+
    |IinIfir_reg_582  |   32|   0|   32|          0|
    |IinQfir_reg_597  |   32|   0|   32|          0|
    |QinIfir_reg_592  |   32|   0|   32|          0|
    |QinQfir_reg_587  |   32|   0|   32|          0|
    |ap_CS_fsm        |  132|   0|  132|          0|
    +-----------------+-----+----+-----+-----------+
    |Total            |  260|   0|  260|          0|
    +-----------------+-----+----+-----+-----------+



================================================================
== Interface
================================================================
* Summary: 
+----------+-----+-----+------------+--------------+--------------+
| RTL Ports| Dir | Bits|  Protocol  | Source Object|    C Type    |
+----------+-----+-----+------------+--------------+--------------+
|ap_clk    |  in |    1| ap_ctrl_hs |      fir     | return value |
|ap_rst    |  in |    1| ap_ctrl_hs |      fir     | return value |
|ap_start  |  in |    1| ap_ctrl_hs |      fir     | return value |
|ap_done   | out |    1| ap_ctrl_hs |      fir     | return value |
|ap_idle   | out |    1| ap_ctrl_hs |      fir     | return value |
|ap_ready  | out |    1| ap_ctrl_hs |      fir     | return value |
|I         |  in |   32|   ap_none  |       I      |    scalar    |
|Q         |  in |   32|   ap_none  |       Q      |    scalar    |
|X         | out |   32|   ap_vld   |       X      |    pointer   |
|X_ap_vld  | out |    1|   ap_vld   |       X      |    pointer   |
|Y         | out |   32|   ap_vld   |       Y      |    pointer   |
|Y_ap_vld  | out |    1|   ap_vld   |       Y      |    pointer   |
+----------+-----+-----+------------+--------------+--------------+

