

================================================================
== Vivado HLS Report for 'cordiccart2pol'
================================================================
* Date:           Mon Oct 23 19:35:12 2017

* Version:        2017.2 (Build 1909853 on Thu Jun 15 18:55:24 MDT 2017)
* Project:        cordic_cart2_polar
* Solution:       solution3_ap_fixed_less_than_32
* Product family: kintex7
* Target device:  xc7k160tfbg484-2


================================================================
== Performance Estimates
================================================================
+ Timing (ns): 
    * Summary: 
    +--------+-------+----------+------------+
    |  Clock | Target| Estimated| Uncertainty|
    +--------+-------+----------+------------+
    |ap_clk  |  10.00|      8.73|        1.25|
    +--------+-------+----------+------------+

+ Latency (clock cycles): 
    * Summary: 
    +-----+-----+-----+-----+---------+
    |  Latency  |  Interval | Pipeline|
    | min | max | min | max |   Type  |
    +-----+-----+-----+-----+---------+
    |   50|   50|   51|   51|   none  |
    +-----+-----+-----+-----+---------+

    + Detail: 
        * Instance: 
        N/A

        * Loop: 
        +----------+-----+-----+----------+-----------+-----------+------+----------+
        |          |  Latency  | Iteration|  Initiation Interval  | Trip |          |
        | Loop Name| min | max |  Latency |  achieved |   target  | Count| Pipelined|
        +----------+-----+-----+----------+-----------+-----------+------+----------+
        |- Loop 1  |   48|   48|         3|          -|          -|    16|    no    |
        +----------+-----+-----+----------+-----------+-----------+------+----------+



================================================================
== Utilization Estimates
================================================================
* Summary: 
+-----------------+---------+-------+--------+--------+
|       Name      | BRAM_18K| DSP48E|   FF   |   LUT  |
+-----------------+---------+-------+--------+--------+
|DSP              |        -|      3|       -|       -|
|Expression       |        -|     11|     739|     721|
|FIFO             |        -|      -|       -|       -|
|Instance         |        -|      -|       -|       -|
|Memory           |        0|      -|      23|       6|
|Multiplexer      |        -|      -|       -|      77|
|Register         |        -|      -|     258|       -|
+-----------------+---------+-------+--------+--------+
|Total            |        0|     14|    1020|     804|
+-----------------+---------+-------+--------+--------+
|Available        |      650|    600|  202800|  101400|
+-----------------+---------+-------+--------+--------+
|Utilization (%)  |        0|      2|   ~0   |   ~0   |
+-----------------+---------+-------+--------+--------+

+ Detail: 
    * Instance: 
    N/A

    * DSP48: 
    +-------------------------+----------------------+--------------+
    |         Instance        |        Module        |  Expression  |
    +-------------------------+----------------------+--------------+
    |cordiccart2pol_maeOg_U3  |cordiccart2pol_maeOg  | i0 - i1 * i2 |
    |cordiccart2pol_mudEe_U1  |cordiccart2pol_mudEe  |    i0 * i1   |
    |cordiccart2pol_mudEe_U2  |cordiccart2pol_mudEe  |    i0 * i1   |
    +-------------------------+----------------------+--------------+

    * Memory: 
    +-------------+----------------------+---------+----+----+------+-----+------+-------------+
    |    Memory   |        Module        | BRAM_18K| FF | LUT| Words| Bits| Banks| W*Bits*Banks|
    +-------------+----------------------+---------+----+----+------+-----+------+-------------+
    |Kvalues_V_U  |cordiccart2pol_Kvbkb  |        0|  12|   3|    16|   12|     1|          192|
    |angles_V_U   |cordiccart2pol_ancud  |        0|  11|   3|    16|   11|     1|          176|
    +-------------+----------------------+---------+----+----+------+-----+------+-------------+
    |Total        |                      |        0|  23|   6|    32|   23|     2|          368|
    +-------------+----------------------+---------+----+----+------+-----+------+-------------+

    * FIFO: 
    N/A

    * Expression: 
    +--------------------------------+----------+-------+-----+-----+------------+------------+
    |          Variable Name         | Operation| DSP48E|  FF | LUT | Bitwidth P0| Bitwidth P1|
    +--------------------------------+----------+-------+-----+-----+------------+------------+
    |mul_fu_304_p2                   |     *    |      3|    0|  142|          26|          25|
    |p_Val2_2_fu_343_p2              |     *    |      4|    0|  112|          12|          28|
    |tmp_11_cast_fu_334_p2           |     *    |      4|    0|  112|          12|          28|
    |j_1_fu_242_p2                   |     +    |      0|   20|   10|           5|           1|
    |p_Val2_15_fu_442_p2             |     +    |      0|   47|   19|          14|          14|
    |p_Val2_16_fu_474_p2             |     +    |      0|   47|   19|          14|          14|
    |p_Val2_17_fu_397_p2             |     +    |      0|   47|   19|          14|          14|
    |p_Val2_7_fu_456_p2              |     +    |      0|  113|   41|          36|          36|
    |sigma_V_fu_268_p2               |     +    |      0|   47|   19|          13|          14|
    |current_cos_V_fu_192_p2         |     -    |      0|   47|   19|           1|          14|
    |current_sin_V_fu_198_p2         |     -    |      0|   47|   19|           1|          14|
    |neg_mul_fu_480_p2               |     -    |      0|  158|   56|           1|          51|
    |neg_ti_fu_510_p2                |     -    |      0|   47|   19|           1|          14|
    |p_Val2_5_fu_415_p2              |     -    |      0|  119|   43|          38|          38|
    |exitcond_fu_236_p2              |   icmp   |      0|    0|    3|           5|           6|
    |current_cos_V_1_fu_212_p3       |  select  |      0|    0|   14|           1|          14|
    |op_V_read_assign_fu_204_p3      |  select  |      0|    0|   14|           1|          14|
    |p_v_v_fu_503_p3                 |  select  |      0|    0|   14|           1|          14|
    |r_V_3                           |  select  |      0|    0|   14|           1|          14|
    |theta_temp_V_cast_ca_fu_228_p3  |  select  |      0|    0|   13|           1|          13|
    +--------------------------------+----------+-------+-----+-----+------------+------------+
    |Total                           |          |     11|  739|  721|         198|         380|
    +--------------------------------+----------+-------+-----+-----+------------+------------+

    * Multiplexer: 
    +--------------------+----+-----------+-----+-----------+
    |        Name        | LUT| Input Size| Bits| Total Bits|
    +--------------------+----+-----------+-----+-----------+
    |ap_NS_fsm           |  41|          6|    1|          6|
    |j_reg_173           |   9|          2|    5|         10|
    |p_Val2_1_reg_162    |   9|          2|   14|         28|
    |p_Val2_s_reg_142    |   9|          2|   14|         28|
    |temp_cos_V_reg_152  |   9|          2|   14|         28|
    +--------------------+----+-----------+-----+-----------+
    |Total               |  77|         14|   48|        100|
    +--------------------+----+-----------+-----+-----------+

    * Register: 
    +---------------------+----+----+-----+-----------+
    |         Name        | FF | LUT| Bits| Const Bits|
    +---------------------+----+----+-----+-----------+
    |ap_CS_fsm            |   5|   0|    5|          0|
    |j_1_reg_564          |   5|   0|    5|          0|
    |j_reg_173            |   5|   0|    5|          0|
    |mul_reg_594          |  40|   0|   51|         11|
    |p_Val2_17_reg_620    |  14|   0|   14|          0|
    |p_Val2_1_reg_162     |  14|   0|   14|          0|
    |p_Val2_s_reg_142     |  14|   0|   14|          0|
    |r_V_1_reg_584        |  28|   0|   28|          0|
    |r_V_reg_574          |  28|   0|   28|          0|
    |sigma_V_reg_569      |   2|   0|   14|         12|
    |temp_cos_V_reg_152   |  14|   0|   14|          0|
    |tmp_11_cast_reg_605  |  38|   0|   38|          0|
    |tmp_16_reg_610       |  36|   0|   36|          0|
    |tmp_19_reg_615       |   1|   0|    1|          0|
    |tmp_5_reg_599        |  14|   0|   14|          0|
    +---------------------+----+----+-----+-----------+
    |Total                | 258|   0|  281|         23|
    +---------------------+----+----+-----+-----------+



================================================================
== Interface
================================================================
* Summary: 
+----------------+-----+-----+------------+----------------+--------------+
|    RTL Ports   | Dir | Bits|  Protocol  |  Source Object |    C Type    |
+----------------+-----+-----+------------+----------------+--------------+
|ap_clk          |  in |    1| ap_ctrl_hs | cordiccart2pol | return value |
|ap_rst          |  in |    1| ap_ctrl_hs | cordiccart2pol | return value |
|ap_start        |  in |    1| ap_ctrl_hs | cordiccart2pol | return value |
|ap_done         | out |    1| ap_ctrl_hs | cordiccart2pol | return value |
|ap_idle         | out |    1| ap_ctrl_hs | cordiccart2pol | return value |
|ap_ready        | out |    1| ap_ctrl_hs | cordiccart2pol | return value |
|x_V             |  in |   14|   ap_none  |       x_V      |    scalar    |
|y_V             |  in |   14|   ap_none  |       y_V      |    scalar    |
|r_V_3           | out |   14|   ap_vld   |      r_V_3     |    pointer   |
|r_V_3_ap_vld    | out |    1|   ap_vld   |      r_V_3     |    pointer   |
|theta_V         | out |   14|   ap_vld   |     theta_V    |    pointer   |
|theta_V_ap_vld  | out |    1|   ap_vld   |     theta_V    |    pointer   |
+----------------+-----+-----+------------+----------------+--------------+

