

================================================================
== Vivado HLS Report for 'cordiccart2pol'
================================================================
* Date:           Mon Oct 23 18:29:52 2017

* Version:        2017.2 (Build 1909853 on Thu Jun 15 18:55:24 MDT 2017)
* Project:        cordic_cart2_polar
* Solution:       solution1
* Product family: kintex7
* Target device:  xc7k160tfbg484-2


================================================================
== Performance Estimates
================================================================
+ Timing (ns): 
    * Summary: 
    +--------+-------+----------+------------+
    |  Clock | Target| Estimated| Uncertainty|
    +--------+-------+----------+------------+
    |ap_clk  |  10.00|      8.42|        1.25|
    +--------+-------+----------+------------+

+ Latency (clock cycles): 
    * Summary: 
    +-----+-----+-----+-----+---------+
    |  Latency  |  Interval | Pipeline|
    | min | max | min | max |   Type  |
    +-----+-----+-----+-----+---------+
    |  163|  163|  164|  164|   none  |
    +-----+-----+-----+-----+---------+

    + Detail: 
        * Instance: 
        N/A

        * Loop: 
        +----------+-----+-----+----------+-----------+-----------+------+----------+
        |          |  Latency  | Iteration|  Initiation Interval  | Trip |          |
        | Loop Name| min | max |  Latency |  achieved |   target  | Count| Pipelined|
        +----------+-----+-----+----------+-----------+-----------+------+----------+
        |- Loop 1  |  144|  144|         9|          -|          -|    16|    no    |
        +----------+-----+-----+----------+-----------+-----------+------+----------+



================================================================
== Utilization Estimates
================================================================
* Summary: 
+-----------------+---------+-------+--------+--------+
|       Name      | BRAM_18K| DSP48E|   FF   |   LUT  |
+-----------------+---------+-------+--------+--------+
|DSP              |        -|      -|       -|       -|
|Expression       |        -|      -|      20|     249|
|FIFO             |        -|      -|       -|       -|
|Instance         |        -|     10|    2714|    4255|
|Memory           |        0|      -|      64|      16|
|Multiplexer      |        -|      -|       -|     280|
|Register         |        -|      -|     455|       -|
+-----------------+---------+-------+--------+--------+
|Total            |        0|     10|    3253|    4800|
+-----------------+---------+-------+--------+--------+
|Available        |      650|    600|  202800|  101400|
+-----------------+---------+-------+--------+--------+
|Utilization (%)  |        0|      1|       1|       4|
+-----------------+---------+-------+--------+--------+

+ Detail: 
    * Instance: 
    +-------------------------+----------------------+---------+-------+------+------+
    |         Instance        |        Module        | BRAM_18K| DSP48E|  FF  |  LUT |
    +-------------------------+----------------------+---------+-------+------+------+
    |cordiccart2pol_ddjbC_U8  |cordiccart2pol_ddjbC  |        0|      0|  1710|  3253|
    |cordiccart2pol_faeOg_U2  |cordiccart2pol_faeOg  |        0|      2|   227|   214|
    |cordiccart2pol_fcibs_U7  |cordiccart2pol_fcibs  |        0|      0|    66|    72|
    |cordiccart2pol_fmfYi_U3  |cordiccart2pol_fmfYi  |        0|      3|   128|   135|
    |cordiccart2pol_fmfYi_U4  |cordiccart2pol_fmfYi  |        0|      3|   128|   135|
    |cordiccart2pol_fpg8j_U5  |cordiccart2pol_fpg8j  |        0|      0|   128|    94|
    |cordiccart2pol_fphbi_U6  |cordiccart2pol_fphbi  |        0|      0|   100|   138|
    |cordiccart2pol_fsdEe_U1  |cordiccart2pol_fsdEe  |        0|      2|   227|   214|
    +-------------------------+----------------------+---------+-------+------+------+
    |Total                    |                      |        0|     10|  2714|  4255|
    +-------------------------+----------------------+---------+-------+------+------+

    * DSP48: 
    N/A

    * Memory: 
    +-----------+----------------------+---------+----+----+------+-----+------+-------------+
    |   Memory  |        Module        | BRAM_18K| FF | LUT| Words| Bits| Banks| W*Bits*Banks|
    +-----------+----------------------+---------+----+----+------+-----+------+-------------+
    |Kvalues_U  |cordiccart2pol_Kvbkb  |        0|  32|   8|    16|   32|     1|          512|
    |angles_U   |cordiccart2pol_ancud  |        0|  32|   8|    16|   32|     1|          512|
    +-----------+----------------------+---------+----+----+------+-----+------+-------------+
    |Total      |                      |        0|  64|  16|    32|   64|     2|         1024|
    +-----------+----------------------+---------+----+----+------+-----+------+-------------+

    * FIFO: 
    N/A

    * Expression: 
    +---------------------------+----------+-------+----+----+------------+------------+
    |       Variable Name       | Operation| DSP48E| FF | LUT| Bitwidth P0| Bitwidth P1|
    +---------------------------+----------+-------+----+----+------------+------------+
    |j_1_fu_299_p2              |     +    |      0|  20|  10|           5|           1|
    |tmp_13_fu_239_p2           |    and   |      0|   0|   2|           1|           1|
    |tmp_18_fu_341_p2           |    and   |      0|   0|   2|           1|           1|
    |exitcond_fu_293_p2         |   icmp   |      0|   0|   3|           5|           6|
    |notlhs3_fu_323_p2          |   icmp   |      0|   0|   4|           8|           2|
    |notlhs_fu_221_p2           |   icmp   |      0|   0|   4|           8|           2|
    |notrhs4_fu_329_p2          |   icmp   |      0|   0|  13|          23|           1|
    |notrhs_fu_227_p2           |   icmp   |      0|   0|  13|          23|           1|
    |tmp_11_fu_233_p2           |    or    |      0|   0|   2|           1|           1|
    |tmp_16_fu_335_p2           |    or    |      0|   0|   2|           1|           1|
    |current_cos_2_fu_277_p3    |  select  |      0|   0|  32|           1|          32|
    |current_sin_3_fu_285_p3    |  select  |      0|   0|  32|           1|          32|
    |theta_temp_1_ph_fu_269_p3  |  select  |      0|   0|  32|           1|          32|
    |tmp_7_fu_347_p3            |  select  |      0|   0|  32|           1|          30|
    |current_cos_neg_fu_245_p2  |    xor   |      0|   0|  33|          32|          33|
    |current_sin_neg_fu_259_p2  |    xor   |      0|   0|  33|          32|          33|
    +---------------------------+----------+-------+----+----+------------+------------+
    |Total                      |          |      0|  20| 249|         144|         209|
    +---------------------------+----------+-------+----+----+------------+------------+

    * Multiplexer: 
    +-----------------------+-----+-----------+-----+-----------+
    |          Name         | LUT | Input Size| Bits| Total Bits|
    +-----------------------+-----+-----------+-----+-----------+
    |ap_NS_fsm              |  145|         29|    1|         29|
    |current_sin_1_reg_129  |    9|          2|   32|         64|
    |grp_fu_150_p0          |   13|          3|   32|         96|
    |grp_fu_150_p1          |   13|          3|   32|         96|
    |grp_fu_161_p0          |   17|          4|   32|        128|
    |grp_fu_161_p1          |   17|          4|   32|        128|
    |grp_fu_166_p0          |   13|          3|   32|         96|
    |grp_fu_166_p1          |   13|          3|   32|         96|
    |grp_fu_179_p0          |   13|          3|   32|         96|
    |j_reg_139              |    9|          2|    5|         10|
    |temp_cos_reg_119       |    9|          2|   32|         64|
    |theta_temp_1_reg_108   |    9|          2|   32|         64|
    +-----------------------+-----+-----------+-----+-----------+
    |Total                  |  280|         60|  326|        967|
    +-----------------------+-----+-----------+-----+-----------+

    * Register: 
    +-----------------------+----+----+-----+-----------+
    |          Name         | FF | LUT| Bits| Const Bits|
    +-----------------------+----+----+-----+-----------+
    |Kvalues_load_reg_406   |  32|   0|   32|          0|
    |angles_load_reg_412    |  32|   0|   32|          0|
    |ap_CS_fsm              |  28|   0|   28|          0|
    |current_sin_1_reg_129  |  32|   0|   32|          0|
    |j_1_reg_379            |   5|   0|    5|          0|
    |j_reg_139              |   5|   0|    5|          0|
    |reg_191                |  32|   0|   32|          0|
    |reg_197                |  32|   0|   32|          0|
    |temp_cos_reg_119       |  32|   0|   32|          0|
    |theta_temp_1_reg_108   |  32|   0|   32|          0|
    |theta_temp_reg_422     |  32|   0|   32|          0|
    |tmp_10_reg_417         |  32|   0|   32|          0|
    |tmp_3_reg_401          |  64|   0|   64|          0|
    |tmp_4_reg_437          |  64|   0|   64|          0|
    |tmp_7_reg_384          |   1|   0|   32|         31|
    +-----------------------+----+----+-----+-----------+
    |Total                  | 455|   0|  486|         31|
    +-----------------------+----+----+-----+-----------+



================================================================
== Interface
================================================================
* Summary: 
+--------------+-----+-----+------------+----------------+--------------+
|   RTL Ports  | Dir | Bits|  Protocol  |  Source Object |    C Type    |
+--------------+-----+-----+------------+----------------+--------------+
|ap_clk        |  in |    1| ap_ctrl_hs | cordiccart2pol | return value |
|ap_rst        |  in |    1| ap_ctrl_hs | cordiccart2pol | return value |
|ap_start      |  in |    1| ap_ctrl_hs | cordiccart2pol | return value |
|ap_done       | out |    1| ap_ctrl_hs | cordiccart2pol | return value |
|ap_idle       | out |    1| ap_ctrl_hs | cordiccart2pol | return value |
|ap_ready      | out |    1| ap_ctrl_hs | cordiccart2pol | return value |
|x             |  in |   32|   ap_none  |        x       |    scalar    |
|y             |  in |   32|   ap_none  |        y       |    scalar    |
|r             | out |   32|   ap_vld   |        r       |    pointer   |
|r_ap_vld      | out |    1|   ap_vld   |        r       |    pointer   |
|theta         | out |   32|   ap_vld   |      theta     |    pointer   |
|theta_ap_vld  | out |    1|   ap_vld   |      theta     |    pointer   |
+--------------+-----+-----+------------+----------------+--------------+

