

================================================================
== Vivado HLS Report for 'fir'
================================================================
* Date:           Thu Oct 12 10:41:33 2017

* Version:        2017.2 (Build 1909853 on Thu Jun 15 18:55:24 MDT 2017)
* Project:        project_fir128
* Solution:       solution_baseline
* Product family: kintex7
* Target device:  xc7k160tfbg484-2


================================================================
== Performance Estimates
================================================================
+ Timing (ns): 
    * Summary: 
    +--------+-------+----------+------------+
    |  Clock | Target| Estimated| Uncertainty|
    +--------+-------+----------+------------+
    |ap_clk  |  10.00|      8.10|        1.25|
    +--------+-------+----------+------------+

+ Latency (clock cycles): 
    * Summary: 
    +-----+-----+-----+-----+---------+
    |  Latency  |  Interval | Pipeline|
    | min | max | min | max |   Type  |
    +-----+-----+-----+-----+---------+
    |  641|  641|  642|  642|   none  |
    +-----+-----+-----+-----+---------+

    + Detail: 
        * Instance: 
        N/A

        * Loop: 
        +----------+-----+-----+----------+-----------+-----------+------+----------+
        |          |  Latency  | Iteration|  Initiation Interval  | Trip |          |
        | Loop Name| min | max |  Latency |  achieved |   target  | Count| Pipelined|
        +----------+-----+-----+----------+-----------+-----------+------+----------+
        |- Loop 1  |  640|  640|         5|          -|          -|   128|    no    |
        +----------+-----+-----+----------+-----------+-----------+------+----------+



================================================================
== Utilization Estimates
================================================================
* Summary: 
+-----------------+---------+-------+--------+--------+
|       Name      | BRAM_18K| DSP48E|   FF   |   LUT  |
+-----------------+---------+-------+--------+--------+
|DSP              |        -|      -|       -|       -|
|Expression       |        -|      4|     130|     102|
|FIFO             |        -|      -|       -|       -|
|Instance         |        -|      -|       -|       -|
|Memory           |        1|      -|       5|      10|
|Multiplexer      |        -|      -|       -|     122|
|Register         |        -|      -|     124|       -|
+-----------------+---------+-------+--------+--------+
|Total            |        1|      4|     259|     234|
+-----------------+---------+-------+--------+--------+
|Available        |      650|    600|  202800|  101400|
+-----------------+---------+-------+--------+--------+
|Utilization (%)  |    ~0   |   ~0  |   ~0   |   ~0   |
+-----------------+---------+-------+--------+--------+

+ Detail: 
    * Instance: 
    N/A

    * DSP48: 
    N/A

    * Memory: 
    +--------------+----------------+---------+---+----+------+-----+------+-------------+
    |    Memory    |     Module     | BRAM_18K| FF| LUT| Words| Bits| Banks| W*Bits*Banks|
    +--------------+----------------+---------+---+----+------+-----+------+-------------+
    |c_U           |fir_c           |        0|  5|  10|   128|    5|     1|          640|
    |delay_line_U  |fir_delay_line  |        1|  0|   0|   128|   32|     1|         4096|
    +--------------+----------------+---------+---+----+------+-----+------+-------------+
    |Total         |                |        1|  5|  10|   256|   37|     2|         4736|
    +--------------+----------------+---------+---+----+------+-----+------+-------------+

    * FIFO: 
    N/A

    * Expression: 
    +-----------------+----------+-------+-----+----+------------+------------+
    |  Variable Name  | Operation| DSP48E|  FF | LUT| Bitwidth P0| Bitwidth P1|
    +-----------------+----------+-------+-----+----+------------+------------+
    |tmp_6_fu_160_p2  |     *    |      4|    0|  48|          32|           5|
    |acc_1_fu_165_p2  |     +    |      0|  101|  37|          32|          32|
    |grp_fu_118_p2    |     +    |      0|   29|  13|           8|           2|
    |tmp_1_fu_137_p2  |   icmp   |      0|    0|   4|           8|           1|
    +-----------------+----------+-------+-----+----+------------+------------+
    |Total            |          |      4|  130| 102|          80|          40|
    +-----------------+----------+-------+-----+----+------------+------------+

    * Multiplexer: 
    +---------------------+----+-----------+-----+-----------+
    |         Name        | LUT| Input Size| Bits| Total Bits|
    +---------------------+----+-----------+-----+-----------+
    |acc_reg_93           |   9|          2|   32|         64|
    |ap_NS_fsm            |  45|          7|    1|          7|
    |delay_line_address0  |  33|          5|    7|         35|
    |delay_line_d0        |  13|          3|   32|         96|
    |grp_fu_118_p0        |  13|          3|    8|         24|
    |i_reg_106            |   9|          2|    8|         16|
    +---------------------+----+-----------+-----+-----------+
    |Total                | 122|         22|   88|        242|
    +---------------------+----+-----------+-----+-----------+

    * Register: 
    +---------------------------+----+----+-----+-----------+
    |            Name           | FF | LUT| Bits| Const Bits|
    +---------------------------+----+----+-----+-----------+
    |acc_reg_93                 |  32|   0|   32|          0|
    |ap_CS_fsm                  |   6|   0|    6|          0|
    |c_load_reg_214             |   5|   0|    5|          0|
    |delay_line_load_1_reg_209  |  32|   0|   32|          0|
    |i_1_reg_194                |   8|   0|    8|          0|
    |i_cast_reg_176             |  32|   0|   32|          0|
    |i_reg_106                  |   8|   0|    8|          0|
    |tmp_1_reg_185              |   1|   0|    1|          0|
    +---------------------------+----+----+-----+-----------+
    |Total                      | 124|   0|  124|          0|
    +---------------------------+----+----+-----+-----------+



================================================================
== Interface
================================================================
* Summary: 
+----------+-----+-----+------------+--------------+--------------+
| RTL Ports| Dir | Bits|  Protocol  | Source Object|    C Type    |
+----------+-----+-----+------------+--------------+--------------+
|ap_clk    |  in |    1| ap_ctrl_hs |      fir     | return value |
|ap_rst    |  in |    1| ap_ctrl_hs |      fir     | return value |
|ap_start  |  in |    1| ap_ctrl_hs |      fir     | return value |
|ap_done   | out |    1| ap_ctrl_hs |      fir     | return value |
|ap_idle   | out |    1| ap_ctrl_hs |      fir     | return value |
|ap_ready  | out |    1| ap_ctrl_hs |      fir     | return value |
|y         | out |   32|   ap_vld   |       y      |    pointer   |
|y_ap_vld  | out |    1|   ap_vld   |       y      |    pointer   |
|x         |  in |   32|   ap_none  |       x      |    scalar    |
+----------+-----+-----+------------+--------------+--------------+

