

================================================================
== Vivado HLS Report for 'fir'
================================================================
* Date:           Thu Oct 12 19:52:09 2017

* Version:        2017.2 (Build 1909853 on Thu Jun 15 18:55:24 MDT 2017)
* Project:        project_fir128
* Solution:       solution_best
* Product family: kintex7
* Target device:  xc7k160tfbg484-2


================================================================
== Performance Estimates
================================================================
+ Timing (ns): 
    * Summary: 
    +--------+-------+----------+------------+
    |  Clock | Target| Estimated| Uncertainty|
    +--------+-------+----------+------------+
    |ap_clk  |  10.00|      9.84|        1.25|
    +--------+-------+----------+------------+

+ Latency (clock cycles): 
    * Summary: 
    +-----+-----+-----+-----+----------+
    |  Latency  |  Interval | Pipeline |
    | min | max | min | max |   Type   |
    +-----+-----+-----+-----+----------+
    |    7|    7|    1|    1| function |
    +-----+-----+-----+-----+----------+

    + Detail: 
        * Instance: 
        N/A

        * Loop: 
        N/A



================================================================
== Utilization Estimates
================================================================
* Summary: 
+-----------------+---------+-------+--------+--------+
|       Name      | BRAM_18K| DSP48E|   FF   |   LUT  |
+-----------------+---------+-------+--------+--------+
|DSP              |        -|     20|       -|       -|
|Expression       |        -|      -|    3208|    3506|
|FIFO             |        -|      -|       -|       -|
|Instance         |        -|      -|       -|       -|
|Memory           |        -|      -|       -|       -|
|Multiplexer      |        -|      -|       -|       -|
|Register         |        -|      -|    3247|     864|
+-----------------+---------+-------+--------+--------+
|Total            |        0|     20|    6455|    4370|
+-----------------+---------+-------+--------+--------+
|Available        |      650|    600|  202800|  101400|
+-----------------+---------+-------+--------+--------+
|Utilization (%)  |        0|      3|       3|       4|
+-----------------+---------+-------+--------+--------+

+ Detail: 
    * Instance: 
    N/A

    * DSP48: 
    +--------------------------+----------------------+---------------------+
    |         Instance         |        Module        |      Expression     |
    +--------------------------+----------------------+---------------------+
    |fir_ama_addmuladdcud_U2   |fir_ama_addmuladdcud  | i0 + (i1 + i2) * i3 |
    |fir_ama_addmuladdcud_U7   |fir_ama_addmuladdcud  | i0 + (i1 + i2) * i3 |
    |fir_ama_addmuladdcud_U12  |fir_ama_addmuladdcud  | i0 + (i1 + i2) * i3 |
    |fir_ama_addmuladdfYi_U13  |fir_ama_addmuladdfYi  | (i0 + i1) * i2 + i3 |
    |fir_mac_muladd_8sbkb_U1   |fir_mac_muladd_8sbkb  |     i0 + i1 * i2    |
    |fir_mac_muladd_8sbkb_U4   |fir_mac_muladd_8sbkb  |     i0 + i1 * i2    |
    |fir_mac_muladd_8sbkb_U6   |fir_mac_muladd_8sbkb  |     i0 + i1 * i2    |
    |fir_mac_muladd_8sbkb_U9   |fir_mac_muladd_8sbkb  |     i0 + i1 * i2    |
    |fir_mac_muladd_8sbkb_U11  |fir_mac_muladd_8sbkb  |     i0 + i1 * i2    |
    |fir_mac_muladd_8sdEe_U3   |fir_mac_muladd_8sdEe  |     i0 * i1 + i2    |
    |fir_mac_muladd_8sdEe_U8   |fir_mac_muladd_8sdEe  |     i0 * i1 + i2    |
    |fir_mac_muladd_8seOg_U5   |fir_mac_muladd_8seOg  |     i0 * i1 + i2    |
    |fir_mac_muladd_8seOg_U10  |fir_mac_muladd_8seOg  |     i0 * i1 + i2    |
    |fir_mac_muladd_8sg8j_U14  |fir_mac_muladd_8sg8j  |     i0 * i1 + i2    |
    |fir_mac_muladd_8shbi_U15  |fir_mac_muladd_8shbi  |     i0 * i1 + i2    |
    |fir_mac_muladd_8shbi_U17  |fir_mac_muladd_8shbi  |     i0 * i1 + i2    |
    |fir_mac_muladd_8shbi_U19  |fir_mac_muladd_8shbi  |     i0 * i1 + i2    |
    |fir_mac_muladd_8sibs_U16  |fir_mac_muladd_8sibs  |     i0 * i1 + i2    |
    |fir_mac_muladd_8sibs_U18  |fir_mac_muladd_8sibs  |     i0 * i1 + i2    |
    |fir_mac_muladd_8sibs_U20  |fir_mac_muladd_8sibs  |     i0 * i1 + i2    |
    +--------------------------+----------------------+---------------------+

    * Memory: 
    N/A

    * FIFO: 
    N/A

    * Expression: 
    +----------------------------------+----------+-------+----+----+------------+------------+
    |           Variable Name          | Operation| DSP48E| FF | LUT| Bitwidth P0| Bitwidth P1|
    +----------------------------------+----------+-------+----+----+------------+------------+
    |acc_1_10_fu_5182_p2               |     +    |      0|   0|  16|          16|          16|
    |acc_1_2_fu_5007_p2                |     +    |      0|   0|  16|          16|          16|
    |acc_1_4_fu_5047_p2                |     +    |      0|   0|  16|          16|          16|
    |acc_1_5_fu_4890_p2                |     +    |      0|   0|  16|          16|          16|
    |acc_1_8_fu_5124_p2                |     +    |      0|   0|  16|          16|          16|
    |acc_1_s_fu_4930_p2                |     +    |      0|   0|  16|          16|          16|
    |tmp100_fu_4530_p2                 |     +    |      0|  44|  18|          13|          13|
    |tmp101_fu_4540_p2                 |     +    |      0|  44|  18|          13|          13|
    |tmp102_fu_4550_p2                 |     +    |      0|  47|  19|          14|          14|
    |tmp103_fu_5156_p2                 |     +    |      0|   0|  16|          16|          16|
    |tmp104_fu_4556_p2                 |     +    |      0|   0|  16|          13|          13|
    |tmp105_fu_4562_p2                 |     +    |      0|   0|  16|          13|          13|
    |tmp106_fu_4572_p2                 |     +    |      0|  44|  18|          13|          13|
    |tmp107_fu_4582_p2                 |     +    |      0|  44|  18|          13|          13|
    |tmp108_fu_4592_p2                 |     +    |      0|  47|  19|          14|          14|
    |tmp109_fu_4602_p2                 |     +    |      0|  50|  20|          15|          15|
    |tmp10_fu_731_p2                   |     +    |      0|  32|  14|           9|           9|
    |tmp110_fu_5164_p2                 |     +    |      0|   0|  16|          16|          16|
    |tmp111_fu_4608_p2                 |     +    |      0|   0|  16|          13|          13|
    |tmp112_fu_4614_p2                 |     +    |      0|   0|  16|          13|          13|
    |tmp113_fu_4624_p2                 |     +    |      0|  44|  18|          13|          13|
    |tmp114_fu_4634_p2                 |     +    |      0|  44|  18|          13|          13|
    |tmp115_fu_4644_p2                 |     +    |      0|  47|  19|          14|          14|
    |tmp116_fu_4654_p2                 |     +    |      0|  50|  20|          15|          15|
    |tmp117_fu_4660_p2                 |     +    |      0|  44|  18|          13|          13|
    |tmp118_fu_4670_p2                 |     +    |      0|  44|  18|          13|          13|
    |tmp119_fu_4680_p2                 |     +    |      0|  47|  19|          14|          14|
    |tmp11_fu_741_p2                   |     +    |      0|  35|  15|          10|          10|
    |tmp120_fu_4690_p2                 |     +    |      0|  44|  18|          13|          13|
    |tmp123_fu_4703_p2                 |     +    |      0|  50|  20|          15|          15|
    |tmp124_fu_5176_p2                 |     +    |      0|   0|  16|          16|          16|
    |tmp125_fu_5228_p2                 |     +    |      0|   0|  16|          16|          16|
    |tmp126_fu_4839_p2                 |     +    |      0|  41|  17|          12|          12|
    |tmp127_fu_5237_p2                 |     +    |      0|   0|  16|          16|          16|
    |tmp129_fu_4845_p2                 |     +    |      0|  41|  17|          12|          12|
    |tmp12_fu_751_p2                   |     +    |      0|  32|  14|           9|           9|
    |tmp13_fu_761_p2                   |     +    |      0|  35|  15|          10|          10|
    |tmp14_fu_771_p2                   |     +    |      0|  38|  16|          11|          11|
    |tmp15_fu_781_p2                   |     +    |      0|  32|  14|           9|           9|
    |tmp16_fu_791_p2                   |     +    |      0|  35|  15|          10|          10|
    |tmp17_fu_801_p2                   |     +    |      0|  32|  14|           9|           9|
    |tmp18_fu_811_p2                   |     +    |      0|  35|  15|          10|          10|
    |tmp19_fu_821_p2                   |     +    |      0|  38|  16|          11|          11|
    |tmp1_fu_641_p2                    |     +    |      0|  32|  14|           9|           9|
    |tmp20_fu_831_p2                   |     +    |      0|  41|  17|          12|          12|
    |tmp22_fu_4882_p2                  |     +    |      0|  53|  21|          16|          16|
    |tmp24_fu_957_p2                   |     +    |      0|   0|  16|          11|          11|
    |tmp25_fu_967_p2                   |     +    |      0|  44|  18|          13|          13|
    |tmp28_fu_1430_p2                  |     +    |      0|   0|  16|          13|          13|
    |tmp29_fu_1436_p2                  |     +    |      0|   0|  16|          13|          13|
    |tmp2_fu_651_p2                    |     +    |      0|  35|  15|          10|          10|
    |tmp30_fu_4922_p2                  |     +    |      0|  53|  21|          16|          16|
    |tmp31_fu_1442_p2                  |     +    |      0|   0|  16|          13|          13|
    |tmp32_fu_1448_p2                  |     +    |      0|   0|  16|          13|          13|
    |tmp33_fu_1458_p2                  |     +    |      0|  44|  18|          13|          13|
    |tmp36_fu_1471_p2                  |     +    |      0|  50|  20|          15|          15|
    |tmp37_fu_4974_p2                  |     +    |      0|   0|  16|          16|          16|
    |tmp38_fu_4980_p2                  |     +    |      0|   0|  16|          16|          16|
    |tmp39_fu_1971_p2                  |     +    |      0|   0|  16|          12|          12|
    |tmp3_fu_661_p2                    |     +    |      0|  38|  16|          11|          11|
    |tmp40_fu_1977_p2                  |     +    |      0|   0|  16|          12|          12|
    |tmp41_fu_4989_p2                  |     +    |      0|   0|  16|          16|          16|
    |tmp44_fu_1986_p2                  |     +    |      0|  41|  17|          12|          12|
    |tmp45_fu_1996_p2                  |     +    |      0|  41|  17|          12|          12|
    |tmp46_fu_2006_p2                  |     +    |      0|  44|  18|          13|          13|
    |tmp47_fu_2016_p2                  |     +    |      0|  47|  19|          14|          14|
    |tmp48_fu_4998_p2                  |     +    |      0|   0|  16|          16|          16|
    |tmp49_fu_2022_p2                  |     +    |      0|   0|  16|          12|          12|
    |tmp4_fu_671_p2                    |     +    |      0|  32|  14|           9|           9|
    |tmp50_fu_2028_p2                  |     +    |      0|   0|  16|          12|          12|
    |tmp51_fu_2038_p2                  |     +    |      0|  41|  17|          12|          12|
    |tmp52_fu_2048_p2                  |     +    |      0|  41|  17|          12|          12|
    |tmp53_fu_2058_p2                  |     +    |      0|   0|  16|          13|          13|
    |tmp54_fu_2064_p2                  |     +    |      0|   0|  16|          13|          13|
    |tmp56_fu_2077_p2                  |     +    |      0|  44|  18|          13|          13|
    |tmp58_fu_2087_p2                  |     +    |      0|   0|  16|          11|          11|
    |tmp59_fu_2097_p2                  |     +    |      0|  44|  18|          13|          13|
    |tmp5_fu_681_p2                    |     +    |      0|  35|  15|          10|          10|
    |tmp60_fu_2106_p2                  |     +    |      0|  47|  19|          14|          14|
    |tmp61_fu_2116_p2                  |     +    |      0|  50|  20|          15|          15|
    |tmp64_fu_2580_p2                  |     +    |      0|   0|  16|          13|          13|
    |tmp65_fu_2586_p2                  |     +    |      0|   0|  16|          13|          13|
    |tmp66_fu_5039_p2                  |     +    |      0|  53|  21|          16|          16|
    |tmp67_fu_2592_p2                  |     +    |      0|   0|  16|          13|          13|
    |tmp68_fu_2598_p2                  |     +    |      0|   0|  16|          13|          13|
    |tmp69_fu_2608_p2                  |     +    |      0|  44|  18|          13|          13|
    |tmp6_fu_691_p2                    |     +    |      0|  32|  14|           9|           9|
    |tmp72_fu_2621_p2                  |     +    |      0|  50|  20|          15|          15|
    |tmp73_fu_5091_p2                  |     +    |      0|   0|  16|          16|          16|
    |tmp74_fu_5097_p2                  |     +    |      0|   0|  16|          16|          16|
    |tmp75_fu_3121_p2                  |     +    |      0|   0|  16|          12|          12|
    |tmp76_fu_3127_p2                  |     +    |      0|   0|  16|          12|          12|
    |tmp77_fu_5106_p2                  |     +    |      0|   0|  16|          16|          16|
    |tmp7_fu_701_p2                    |     +    |      0|  35|  15|          10|          10|
    |tmp80_fu_3136_p2                  |     +    |      0|  41|  17|          12|          12|
    |tmp81_fu_3146_p2                  |     +    |      0|  41|  17|          12|          12|
    |tmp82_fu_3156_p2                  |     +    |      0|  44|  18|          13|          13|
    |tmp83_fu_3166_p2                  |     +    |      0|  47|  19|          14|          14|
    |tmp84_fu_5115_p2                  |     +    |      0|   0|  16|          16|          16|
    |tmp85_fu_3172_p2                  |     +    |      0|   0|  16|          12|          12|
    |tmp86_fu_3178_p2                  |     +    |      0|   0|  16|          12|          12|
    |tmp87_fu_3188_p2                  |     +    |      0|  41|  17|          12|          12|
    |tmp88_fu_3198_p2                  |     +    |      0|  41|  17|          12|          12|
    |tmp89_fu_3208_p2                  |     +    |      0|   0|  16|          13|          13|
    |tmp8_fu_711_p2                    |     +    |      0|  38|  16|          11|          11|
    |tmp90_fu_3214_p2                  |     +    |      0|   0|  16|          13|          13|
    |tmp92_fu_3227_p2                  |     +    |      0|  44|  18|          13|          13|
    |tmp94_fu_3237_p2                  |     +    |      0|   0|  16|          11|          11|
    |tmp95_fu_3247_p2                  |     +    |      0|  44|  18|          13|          13|
    |tmp96_fu_3256_p2                  |     +    |      0|  47|  19|          14|          14|
    |tmp97_fu_3266_p2                  |     +    |      0|  50|  20|          15|          15|
    |tmp9_fu_721_p2                    |     +    |      0|  41|  17|          12|          12|
    |tmp_7_s_fu_841_p2                 |     +    |      0|  44|  18|          13|          13|
    |tmp_fu_631_p2                     |     +    |      0|  32|  14|           9|           9|
    |y                                 |     +    |      0|   0|  16|          16|          16|
    |acc_1_11_fu_5198_p2               |     -    |      0|   0|  16|          16|          16|
    |acc_1_1_fu_4946_p2                |     -    |      0|   0|  16|          16|          16|
    |acc_1_3_fu_5024_p2                |     -    |      0|   0|  16|          16|          16|
    |acc_1_6_fu_4907_p2                |     -    |      0|   0|  16|          16|          16|
    |acc_1_7_fu_5063_p2                |     -    |      0|   0|  16|          16|          16|
    |acc_1_9_fu_5141_p2                |     -    |      0|   0|  16|          16|          16|
    |p_neg10_fu_2274_p2                |     -    |      0|   0|  16|           1|          12|
    |p_neg11_fu_2324_p2                |     -    |      0|   0|  16|           1|          12|
    |p_neg12_fu_2374_p2                |     -    |      0|   0|  16|           1|          12|
    |p_neg13_fu_2424_p2                |     -    |      0|   0|  16|           1|          12|
    |p_neg14_fu_2474_p2                |     -    |      0|   0|  16|           1|          12|
    |p_neg15_fu_2524_p2                |     -    |      0|   0|  16|           1|          12|
    |p_neg16_fu_3324_p2                |     -    |      0|   0|  16|           1|          12|
    |p_neg17_fu_3374_p2                |     -    |      0|   0|  16|           1|          12|
    |p_neg18_fu_3424_p2                |     -    |      0|   0|  16|           1|          12|
    |p_neg19_fu_3474_p2                |     -    |      0|   0|  16|           1|          12|
    |p_neg1_fu_2224_p2                 |     -    |      0|   0|  16|           1|          12|
    |p_neg20_fu_3524_p2                |     -    |      0|   0|  16|           1|          12|
    |p_neg21_fu_3574_p2                |     -    |      0|   0|  16|           1|          12|
    |p_neg22_fu_3624_p2                |     -    |      0|   0|  16|           1|          12|
    |p_neg23_fu_3674_p2                |     -    |      0|   0|  16|           1|          12|
    |p_neg24_fu_3724_p2                |     -    |      0|   0|  16|           1|          12|
    |p_neg25_fu_3774_p2                |     -    |      0|   0|  16|           1|          12|
    |p_neg26_fu_3824_p2                |     -    |      0|   0|  16|           1|          12|
    |p_neg27_fu_3874_p2                |     -    |      0|   0|  16|           1|          12|
    |p_neg28_fu_3924_p2                |     -    |      0|   0|  16|           1|          12|
    |p_neg29_fu_3974_p2                |     -    |      0|   0|  16|           1|          12|
    |p_neg2_fu_1024_p2                 |     -    |      0|   0|  16|           1|          12|
    |p_neg30_fu_4024_p2                |     -    |      0|   0|  16|           1|          12|
    |p_neg31_fu_4074_p2                |     -    |      0|   0|  16|           1|          12|
    |p_neg32_fu_4124_p2                |     -    |      0|   0|  16|           1|          12|
    |p_neg33_fu_4174_p2                |     -    |      0|   0|  16|           1|          12|
    |p_neg34_fu_4224_p2                |     -    |      0|   0|  16|           1|          12|
    |p_neg35_fu_4274_p2                |     -    |      0|   0|  16|           1|          12|
    |p_neg36_fu_4324_p2                |     -    |      0|   0|  16|           1|          12|
    |p_neg37_fu_4374_p2                |     -    |      0|   0|  16|           1|          12|
    |p_neg38_fu_4424_p2                |     -    |      0|   0|  16|           1|          12|
    |p_neg39_fu_4474_p2                |     -    |      0|   0|  16|           1|          12|
    |p_neg3_fu_1074_p2                 |     -    |      0|   0|  16|           1|          12|
    |p_neg4_fu_1124_p2                 |     -    |      0|   0|  16|           1|          12|
    |p_neg5_fu_1174_p2                 |     -    |      0|   0|  16|           1|          12|
    |p_neg6_fu_1224_p2                 |     -    |      0|   0|  16|           1|          12|
    |p_neg7_fu_1274_p2                 |     -    |      0|   0|  16|           1|          12|
    |p_neg8_fu_1324_p2                 |     -    |      0|   0|  16|           1|          12|
    |p_neg9_fu_1374_p2                 |     -    |      0|   0|  16|           1|          12|
    |p_neg_fu_2174_p2                  |     -    |      0|   0|  16|           1|          12|
    |tmp_7_10_fu_1142_p2               |     -    |      0|   0|  16|          12|          12|
    |tmp_7_11_fu_1192_p2               |     -    |      0|   0|  16|          12|          12|
    |tmp_7_12_fu_1242_p2               |     -    |      0|   0|  16|          12|          12|
    |tmp_7_13_fu_1292_p2               |     -    |      0|   0|  16|          12|          12|
    |tmp_7_14_fu_1342_p2               |     -    |      0|   0|  16|          12|          12|
    |tmp_7_15_fu_1392_p2               |     -    |      0|   0|  16|          12|          12|
    |tmp_7_17_fu_1513_p2               |     -    |      0|  38|  16|          11|          11|
    |tmp_7_18_fu_1549_p2               |     -    |      0|  38|  16|          11|          11|
    |tmp_7_25_fu_1933_p2               |     -    |      0|   0|  16|          11|          11|
    |tmp_7_26_fu_1965_p2               |     -    |      0|  38|  16|          11|          11|
    |tmp_7_29_fu_2192_p2               |     -    |      0|   0|  16|          12|          12|
    |tmp_7_30_fu_2242_p2               |     -    |      0|   0|  16|          12|          12|
    |tmp_7_31_fu_2292_p2               |     -    |      0|   0|  16|          12|          12|
    |tmp_7_32_fu_2342_p2               |     -    |      0|   0|  16|          12|          12|
    |tmp_7_33_fu_2392_p2               |     -    |      0|   0|  16|          12|          12|
    |tmp_7_34_fu_2442_p2               |     -    |      0|   0|  16|          12|          12|
    |tmp_7_35_fu_2492_p2               |     -    |      0|   0|  16|          12|          12|
    |tmp_7_36_fu_2542_p2               |     -    |      0|   0|  16|          12|          12|
    |tmp_7_38_fu_2663_p2               |     -    |      0|  38|  16|          11|          11|
    |tmp_7_39_fu_2699_p2               |     -    |      0|  38|  16|          11|          11|
    |tmp_7_46_fu_3083_p2               |     -    |      0|   0|  16|          11|          11|
    |tmp_7_47_fu_3115_p2               |     -    |      0|  38|  16|          11|          11|
    |tmp_7_4_fu_919_p2                 |     -    |      0|   0|  16|          11|          11|
    |tmp_7_50_fu_3342_p2               |     -    |      0|   0|  16|          12|          12|
    |tmp_7_51_fu_3392_p2               |     -    |      0|   0|  16|          12|          12|
    |tmp_7_52_fu_3442_p2               |     -    |      0|   0|  16|          12|          12|
    |tmp_7_53_fu_3492_p2               |     -    |      0|   0|  16|          12|          12|
    |tmp_7_54_fu_3542_p2               |     -    |      0|   0|  16|          12|          12|
    |tmp_7_55_fu_3592_p2               |     -    |      0|   0|  16|          12|          12|
    |tmp_7_56_fu_3642_p2               |     -    |      0|   0|  16|          12|          12|
    |tmp_7_57_fu_3692_p2               |     -    |      0|   0|  16|          12|          12|
    |tmp_7_58_fu_3742_p2               |     -    |      0|   0|  16|          12|          12|
    |tmp_7_59_fu_3792_p2               |     -    |      0|   0|  16|          12|          12|
    |tmp_7_5_fu_951_p2                 |     -    |      0|  38|  16|          11|          11|
    |tmp_7_60_fu_3842_p2               |     -    |      0|   0|  16|          12|          12|
    |tmp_7_61_fu_3892_p2               |     -    |      0|   0|  16|          12|          12|
    |tmp_7_62_fu_3942_p2               |     -    |      0|   0|  16|          12|          12|
    |tmp_7_63_fu_3992_p2               |     -    |      0|   0|  16|          12|          12|
    |tmp_7_64_fu_4042_p2               |     -    |      0|   0|  16|          12|          12|
    |tmp_7_65_fu_4092_p2               |     -    |      0|   0|  16|          12|          12|
    |tmp_7_66_fu_4142_p2               |     -    |      0|   0|  16|          12|          12|
    |tmp_7_67_fu_4192_p2               |     -    |      0|   0|  16|          12|          12|
    |tmp_7_68_fu_4242_p2               |     -    |      0|   0|  16|          12|          12|
    |tmp_7_69_fu_4292_p2               |     -    |      0|   0|  16|          12|          12|
    |tmp_7_70_fu_4342_p2               |     -    |      0|   0|  16|          12|          12|
    |tmp_7_71_fu_4392_p2               |     -    |      0|   0|  16|          12|          12|
    |tmp_7_72_fu_4442_p2               |     -    |      0|   0|  16|          12|          12|
    |tmp_7_73_fu_4492_p2               |     -    |      0|   0|  16|          12|          12|
    |tmp_7_75_fu_5218_p2               |     -    |      0|  38|  16|          11|          11|
    |tmp_7_76_fu_4755_p2               |     -    |      0|  38|  16|          11|          11|
    |tmp_7_8_fu_1042_p2                |     -    |      0|   0|  16|          12|          12|
    |tmp_7_9_fu_1092_p2                |     -    |      0|   0|  16|          12|          12|
    |ap_block_pp0_stage0_flag00001001  |    and   |      0|   0|   2|           1|           1|
    |ap_enable_pp0                     |    xor   |      0|   0|   2|           1|           2|
    +----------------------------------+----------+-------+----+----+------------+------------+
    |Total                             |          |      0|3208|3506|        2249|        2690|
    +----------------------------------+----------+-------+----+----+------------+------------+

    * Multiplexer: 
    N/A

    * Register: 
    +----------------------------------------------+----+----+-----+-----------+
    |                     Name                     | FF | LUT| Bits| Const Bits|
    +----------------------------------------------+----+----+-----+-----------+
    |acc_1_3_reg_5616                              |  16|   0|   16|          0|
    |acc_1_6_reg_5606                              |  16|   0|   16|          0|
    |acc_1_9_reg_5626                              |  16|   0|   16|          0|
    |ap_CS_fsm                                     |   1|   0|    1|          0|
    |ap_enable_reg_pp0_iter1                       |   1|   0|    1|          0|
    |ap_enable_reg_pp0_iter2                       |   1|   0|    1|          0|
    |ap_enable_reg_pp0_iter3                       |   1|   0|    1|          0|
    |ap_enable_reg_pp0_iter4                       |   1|   0|    1|          0|
    |ap_enable_reg_pp0_iter5                       |   1|   0|    1|          0|
    |ap_enable_reg_pp0_iter6                       |   1|   0|    1|          0|
    |ap_enable_reg_pp0_iter7                       |   1|   0|    1|          0|
    |ap_reg_pp0_iter1_delay_line_96_load_reg_5458  |   8|   0|    8|          0|
    |ap_reg_pp0_iter1_delay_line_97_load_reg_5453  |   8|   0|    8|          0|
    |ap_reg_pp0_iter1_tmp29_reg_5463               |  12|   0|   13|          1|
    |delay_line                                    |   8|   0|    8|          0|
    |delay_line_0                                  |   8|   0|    8|          0|
    |delay_line_1                                  |   8|   0|    8|          0|
    |delay_line_10                                 |   8|   0|    8|          0|
    |delay_line_100                                |   8|   0|    8|          0|
    |delay_line_101                                |   8|   0|    8|          0|
    |delay_line_102                                |   8|   0|    8|          0|
    |delay_line_102_load_reg_5438                  |   8|   0|    8|          0|
    |delay_line_103                                |   8|   0|    8|          0|
    |delay_line_104                                |   8|   0|    8|          0|
    |delay_line_105                                |   8|   0|    8|          0|
    |delay_line_106                                |   8|   0|    8|          0|
    |delay_line_107                                |   8|   0|    8|          0|
    |delay_line_108                                |   8|   0|    8|          0|
    |delay_line_109                                |   8|   0|    8|          0|
    |delay_line_11                                 |   8|   0|    8|          0|
    |delay_line_110                                |   8|   0|    8|          0|
    |delay_line_111                                |   8|   0|    8|          0|
    |delay_line_112                                |   8|   0|    8|          0|
    |delay_line_113                                |   8|   0|    8|          0|
    |delay_line_114                                |   8|   0|    8|          0|
    |delay_line_115                                |   8|   0|    8|          0|
    |delay_line_116                                |   8|   0|    8|          0|
    |delay_line_117                                |   8|   0|    8|          0|
    |delay_line_118                                |   8|   0|    8|          0|
    |delay_line_119                                |   8|   0|    8|          0|
    |delay_line_12                                 |   8|   0|    8|          0|
    |delay_line_120                                |   8|   0|    8|          0|
    |delay_line_121                                |   8|   0|    8|          0|
    |delay_line_122                                |   8|   0|    8|          0|
    |delay_line_123                                |   8|   0|    8|          0|
    |delay_line_124                                |   8|   0|    8|          0|
    |delay_line_125                                |   8|   0|    8|          0|
    |delay_line_13                                 |   8|   0|    8|          0|
    |delay_line_14                                 |   8|   0|    8|          0|
    |delay_line_15                                 |   8|   0|    8|          0|
    |delay_line_16                                 |   8|   0|    8|          0|
    |delay_line_17                                 |   8|   0|    8|          0|
    |delay_line_18                                 |   8|   0|    8|          0|
    |delay_line_19                                 |   8|   0|    8|          0|
    |delay_line_2                                  |   8|   0|    8|          0|
    |delay_line_20                                 |   8|   0|    8|          0|
    |delay_line_21                                 |   8|   0|    8|          0|
    |delay_line_22                                 |   8|   0|    8|          0|
    |delay_line_23                                 |   8|   0|    8|          0|
    |delay_line_24                                 |   8|   0|    8|          0|
    |delay_line_25                                 |   8|   0|    8|          0|
    |delay_line_26                                 |   8|   0|    8|          0|
    |delay_line_27                                 |   8|   0|    8|          0|
    |delay_line_28                                 |   8|   0|    8|          0|
    |delay_line_29                                 |   8|   0|    8|          0|
    |delay_line_3                                  |   8|   0|    8|          0|
    |delay_line_30                                 |   8|   0|    8|          0|
    |delay_line_31                                 |   8|   0|    8|          0|
    |delay_line_32                                 |   8|   0|    8|          0|
    |delay_line_32_load_reg_5560                   |   8|   0|    8|          0|
    |delay_line_33                                 |   8|   0|    8|          0|
    |delay_line_33_load_reg_5555                   |   8|   0|    8|          0|
    |delay_line_34                                 |   8|   0|    8|          0|
    |delay_line_34_load_reg_5550                   |   8|   0|    8|          0|
    |delay_line_35                                 |   8|   0|    8|          0|
    |delay_line_36                                 |   8|   0|    8|          0|
    |delay_line_37                                 |   8|   0|    8|          0|
    |delay_line_38                                 |   8|   0|    8|          0|
    |delay_line_39                                 |   8|   0|    8|          0|
    |delay_line_4                                  |   8|   0|    8|          0|
    |delay_line_40                                 |   8|   0|    8|          0|
    |delay_line_40_load_reg_5529                   |   8|   0|    8|          0|
    |delay_line_41                                 |   8|   0|    8|          0|
    |delay_line_42                                 |   8|   0|    8|          0|
    |delay_line_43                                 |   8|   0|    8|          0|
    |delay_line_44                                 |   8|   0|    8|          0|
    |delay_line_45                                 |   8|   0|    8|          0|
    |delay_line_46                                 |   8|   0|    8|          0|
    |delay_line_47                                 |   8|   0|    8|          0|
    |delay_line_48                                 |   8|   0|    8|          0|
    |delay_line_49                                 |   8|   0|    8|          0|
    |delay_line_4_load_reg_5590                    |   8|   0|    8|          0|
    |delay_line_5                                  |   8|   0|    8|          0|
    |delay_line_50                                 |   8|   0|    8|          0|
    |delay_line_51                                 |   8|   0|    8|          0|
    |delay_line_52                                 |   8|   0|    8|          0|
    |delay_line_53                                 |   8|   0|    8|          0|
    |delay_line_53_load_reg_5524                   |   8|   0|    8|          0|
    |delay_line_54                                 |   8|   0|    8|          0|
    |delay_line_55                                 |   8|   0|    8|          0|
    |delay_line_56                                 |   8|   0|    8|          0|
    |delay_line_57                                 |   8|   0|    8|          0|
    |delay_line_58                                 |   8|   0|    8|          0|
    |delay_line_59                                 |   8|   0|    8|          0|
    |delay_line_5_load_reg_5585                    |   8|   0|    8|          0|
    |delay_line_6                                  |   8|   0|    8|          0|
    |delay_line_60                                 |   8|   0|    8|          0|
    |delay_line_61                                 |   8|   0|    8|          0|
    |delay_line_62                                 |   8|   0|    8|          0|
    |delay_line_63                                 |   8|   0|    8|          0|
    |delay_line_64                                 |   8|   0|    8|          0|
    |delay_line_64_load_reg_5509                   |   8|   0|    8|          0|
    |delay_line_65                                 |   8|   0|    8|          0|
    |delay_line_65_load_reg_5504                   |   8|   0|    8|          0|
    |delay_line_66                                 |   8|   0|    8|          0|
    |delay_line_66_load_reg_5499                   |   8|   0|    8|          0|
    |delay_line_67                                 |   8|   0|    8|          0|
    |delay_line_68                                 |   8|   0|    8|          0|
    |delay_line_69                                 |   8|   0|    8|          0|
    |delay_line_7                                  |   8|   0|    8|          0|
    |delay_line_70                                 |   8|   0|    8|          0|
    |delay_line_71                                 |   8|   0|    8|          0|
    |delay_line_72                                 |   8|   0|    8|          0|
    |delay_line_72_load_reg_5478                   |   8|   0|    8|          0|
    |delay_line_73                                 |   8|   0|    8|          0|
    |delay_line_74                                 |   8|   0|    8|          0|
    |delay_line_75                                 |   8|   0|    8|          0|
    |delay_line_76                                 |   8|   0|    8|          0|
    |delay_line_77                                 |   8|   0|    8|          0|
    |delay_line_78                                 |   8|   0|    8|          0|
    |delay_line_79                                 |   8|   0|    8|          0|
    |delay_line_8                                  |   8|   0|    8|          0|
    |delay_line_80                                 |   8|   0|    8|          0|
    |delay_line_81                                 |   8|   0|    8|          0|
    |delay_line_82                                 |   8|   0|    8|          0|
    |delay_line_83                                 |   8|   0|    8|          0|
    |delay_line_84                                 |   8|   0|    8|          0|
    |delay_line_85                                 |   8|   0|    8|          0|
    |delay_line_85_load_reg_5473                   |   8|   0|    8|          0|
    |delay_line_86                                 |   8|   0|    8|          0|
    |delay_line_87                                 |   8|   0|    8|          0|
    |delay_line_88                                 |   8|   0|    8|          0|
    |delay_line_89                                 |   8|   0|    8|          0|
    |delay_line_9                                  |   8|   0|    8|          0|
    |delay_line_90                                 |   8|   0|    8|          0|
    |delay_line_91                                 |   8|   0|    8|          0|
    |delay_line_92                                 |   8|   0|    8|          0|
    |delay_line_93                                 |   8|   0|    8|          0|
    |delay_line_94                                 |   8|   0|    8|          0|
    |delay_line_95                                 |   8|   0|    8|          0|
    |delay_line_96                                 |   8|   0|    8|          0|
    |delay_line_96_load_reg_5458                   |   8|   0|    8|          0|
    |delay_line_97                                 |   8|   0|    8|          0|
    |delay_line_97_load_reg_5453                   |   8|   0|    8|          0|
    |delay_line_98                                 |   8|   0|    8|          0|
    |delay_line_98_load_reg_5448                   |   8|   0|    8|          0|
    |delay_line_99                                 |   8|   0|    8|          0|
    |tmp102_reg_5565                               |  13|   0|   14|          1|
    |tmp109_reg_5570                               |  14|   0|   15|          1|
    |tmp110_reg_5631                               |  16|   0|   16|          0|
    |tmp116_reg_5575                               |  14|   0|   15|          1|
    |tmp123_reg_5580                               |  15|   0|   15|          0|
    |tmp126_reg_5596                               |  12|   0|   12|          0|
    |tmp130_reg_5601                               |  13|   0|   13|          0|
    |tmp25_reg_5443                                |  13|   0|   13|          0|
    |tmp29_reg_5463                                |  12|   0|   13|          1|
    |tmp30_reg_5611                                |  16|   0|   16|          0|
    |tmp36_reg_5468                                |  15|   0|   15|          0|
    |tmp40_reg_5484                                |  12|   0|   12|          0|
    |tmp47_reg_5489                                |  14|   0|   14|          0|
    |tmp61_reg_5494                                |  15|   0|   15|          0|
    |tmp65_reg_5514                                |  12|   0|   13|          1|
    |tmp66_reg_5621                                |  16|   0|   16|          0|
    |tmp72_reg_5519                                |  15|   0|   15|          0|
    |tmp76_reg_5535                                |  12|   0|   12|          0|
    |tmp83_reg_5540                                |  14|   0|   14|          0|
    |tmp97_reg_5545                                |  15|   0|   15|          0|
    |tmp_7_s_reg_5432                              |  13|   0|   13|          0|
    |delay_line_32_load_reg_5560                   |  64|  32|    8|          0|
    |delay_line_33_load_reg_5555                   |  64|  32|    8|          0|
    |delay_line_34_load_reg_5550                   |  64|  32|    8|          0|
    |delay_line_40_load_reg_5529                   |  64|  32|    8|          0|
    |delay_line_4_load_reg_5590                    |  64|  32|    8|          0|
    |delay_line_53_load_reg_5524                   |  64|  32|    8|          0|
    |delay_line_5_load_reg_5585                    |  64|  32|    8|          0|
    |delay_line_64_load_reg_5509                   |  64|  32|    8|          0|
    |delay_line_65_load_reg_5504                   |  64|  32|    8|          0|
    |delay_line_66_load_reg_5499                   |  64|  32|    8|          0|
    |delay_line_72_load_reg_5478                   |  64|  32|    8|          0|
    |delay_line_85_load_reg_5473                   |  64|  32|    8|          0|
    |tmp102_reg_5565                               |  64|  32|   14|          1|
    |tmp109_reg_5570                               |  64|  32|   15|          1|
    |tmp116_reg_5575                               |  64|  32|   15|          1|
    |tmp123_reg_5580                               |  64|  32|   15|          0|
    |tmp126_reg_5596                               |  64|  32|   12|          0|
    |tmp130_reg_5601                               |  64|  32|   13|          0|
    |tmp36_reg_5468                                |  64|  32|   15|          0|
    |tmp40_reg_5484                                |  64|  32|   12|          0|
    |tmp47_reg_5489                                |  64|  32|   14|          0|
    |tmp61_reg_5494                                |  64|  32|   15|          0|
    |tmp65_reg_5514                                |  64|  32|   13|          1|
    |tmp72_reg_5519                                |  64|  32|   15|          0|
    |tmp76_reg_5535                                |  64|  32|   12|          0|
    |tmp83_reg_5540                                |  64|  32|   14|          0|
    |tmp97_reg_5545                                |  64|  32|   15|          0|
    +----------------------------------------------+----+----+-----+-----------+
    |Total                                         |3247| 864| 1830|         10|
    +----------------------------------------------+----+----+-----+-----------+



================================================================
== Interface
================================================================
* Summary: 
+----------+-----+-----+------------+--------------+--------------+
| RTL Ports| Dir | Bits|  Protocol  | Source Object|    C Type    |
+----------+-----+-----+------------+--------------+--------------+
|ap_clk    |  in |    1| ap_ctrl_hs |      fir     | return value |
|ap_rst    |  in |    1| ap_ctrl_hs |      fir     | return value |
|ap_start  |  in |    1| ap_ctrl_hs |      fir     | return value |
|ap_done   | out |    1| ap_ctrl_hs |      fir     | return value |
|ap_idle   | out |    1| ap_ctrl_hs |      fir     | return value |
|ap_ready  | out |    1| ap_ctrl_hs |      fir     | return value |
|y         | out |   16|   ap_vld   |       y      |    pointer   |
|y_ap_vld  | out |    1|   ap_vld   |       y      |    pointer   |
|x         |  in |    8|   ap_none  |       x      |    scalar    |
+----------+-----+-----+------------+--------------+--------------+

