

================================================================
== Vivado HLS Report for 'feedback_logic'
================================================================
* Date:           Fri Dec 15 11:41:45 2017

* Version:        2017.3 (Build 2018833 on Wed Oct 04 20:30:40 MDT 2017)
* Project:        decoder_working
* Solution:       list_scd_unoptimized
* Product family: zynq
* Target device:  xc7z020clg484-1


================================================================
== Performance Estimates
================================================================
+ Timing (ns): 
    * Summary: 
    +--------+-------+----------+------------+
    |  Clock | Target| Estimated| Uncertainty|
    +--------+-------+----------+------------+
    |ap_clk  |  10.00|      8.41|        1.25|
    +--------+-------+----------+------------+

+ Latency (clock cycles): 
    * Summary: 
    +------+-------+------+-------+---------+
    |    Latency   |   Interval   | Pipeline|
    |  min |  max  |  min |  max  |   Type  |
    +------+-------+------+-------+---------+
    |  7263|  40223|  7263|  40223|   none  |
    +------+-------+------+-------+---------+

    + Detail: 
        * Instance: 
        N/A

        * Loop: 
        +---------------------+------+-------+--------------+-----------+-----------+---------+----------+
        |                     |    Latency   |   Iteration  |  Initiation Interval  |   Trip  |          |
        |      Loop Name      |  min |  max  |    Latency   |  achieved |   target  |  Count  | Pipelined|
        +---------------------+------+-------+--------------+-----------+-----------+---------+----------+
        |- list_loop          |  7262|  40222| 3631 ~ 20111 |          -|          -|        2|    no    |
        | + mux0_loop         |  1022|   1022|             2|          -|          -|      511|    no    |
        | + encoder_loop      |    48|  16528|   6 ~ 2066   |          -|          -|        8|    no    |
        |  ++ layer_loop      |     4|   2064|    4 ~ 258   |          -|          -|  1 ~ 8  |    no    |
        |   +++ xor_loop      |     2|    256|             2|          -|          -| 1 ~ 128 |    no    |
        | + permutation_loop  |  1533|   1533|             3|          -|          -|      511|    no    |
        | + save_ll_dec       |   510|    510|             2|          -|          -|      255|    no    |
        | + save_encoded_dec  |   512|    512|             2|          -|          -|      256|    no    |
        +---------------------+------+-------+--------------+-----------+-----------+---------+----------+



================================================================
== Utilization Estimates
================================================================
* Summary: 
+-----------------+---------+-------+--------+-------+
|       Name      | BRAM_18K| DSP48E|   FF   |  LUT  |
+-----------------+---------+-------+--------+-------+
|DSP              |        -|      -|       -|      -|
|Expression       |        -|      -|       0|    582|
|FIFO             |        -|      -|       -|      -|
|Instance         |        -|      -|       -|      -|
|Memory           |        2|      -|       2|     16|
|Multiplexer      |        -|      -|       -|    212|
|Register         |        -|      -|     305|      -|
+-----------------+---------+-------+--------+-------+
|Total            |        2|      0|     307|    810|
+-----------------+---------+-------+--------+-------+
|Available        |      280|    220|  106400|  53200|
+-----------------+---------+-------+--------+-------+
|Utilization (%)  |    ~0   |      0|   ~0   |      1|
+-----------------+---------+-------+--------+-------+

+ Detail: 
    * Instance: 
    N/A

    * DSP48: 
    N/A

    * Memory: 
    +------------------+----------------------+---------+---+----+------+-----+------+-------------+
    |      Memory      |        Module        | BRAM_18K| FF| LUT| Words| Bits| Banks| W*Bits*Banks|
    +------------------+----------------------+---------+---+----+------+-----+------+-------------+
    |perm_index_ram_U  |feedback_logic_peibs  |        1|  0|   0|   511|    9|     1|         4599|
    |save_V_U          |feedback_logic_sajbC  |        1|  0|   0|  1022|    1|     1|         1022|
    |save_p_V_U        |feedback_logic_sakbM  |        0|  2|  16|  1022|    1|     1|         1022|
    +------------------+----------------------+---------+---+----+------+-----+------+-------------+
    |Total             |                      |        2|  2|  16|  2555|   11|     3|         6643|
    +------------------+----------------------+---------+---+----+------+-----+------+-------------+

    * FIFO: 
    N/A

    * Expression: 
    +-----------------------+----------+-------+---+----+------------+------------+
    |     Variable Name     | Operation| DSP48E| FF| LUT| Bitwidth P0| Bitwidth P1|
    +-----------------------+----------+-------+---+----+------------+------------+
    |i_18_fu_619_p2         |     +    |      0|  0|  15|           8|           1|
    |i_19_fu_471_p2         |     +    |      0|  0|  15|           8|           1|
    |i_20_fu_658_p2         |     +    |      0|  0|  16|           9|           1|
    |i_fu_574_p2            |     +    |      0|  0|  16|           9|           1|
    |i_op_assign_fu_424_p2  |     +    |      0|  0|  16|           9|           2|
    |inc_when_V3_fu_523_p2  |     +    |      0|  0|  15|           7|           2|
    |k_7_fu_460_p2          |     +    |      0|  0|  13|           4|           1|
    |k_fu_378_p2            |     +    |      0|  0|  16|           9|           1|
    |l_fu_440_p2            |     +    |      0|  0|  13|           4|           1|
    |list_13_fu_326_p2      |     +    |      0|  0|  10|           2|           1|
    |point_V_fu_555_p2      |     +    |      0|  0|  15|           8|           1|
    |r_V_16_fu_504_p2       |     +    |      0|  0|  17|          10|          10|
    |r_V_fu_481_p2          |     +    |      0|  0|  16|           9|           9|
    |tmp_153_fu_535_p2      |     +    |      0|  0|  15|           8|           8|
    |tmp_155_fu_673_p2      |     +    |      0|  0|  16|           9|           8|
    |tmp_159_fu_388_p2      |     +    |      0|  0|  18|          11|          11|
    |tmp_160_fu_603_p2      |     +    |      0|  0|  18|          11|          11|
    |tmp_161_fu_589_p2      |     +    |      0|  0|  18|          11|          11|
    |tmp_162_fu_633_p2      |     +    |      0|  0|  17|          10|          10|
    |tmp_163_fu_638_p2      |     +    |      0|  0|  18|          11|          11|
    |tmp_164_fu_490_p2      |     +    |      0|  0|  18|          11|          11|
    |tmp_165_fu_513_p2      |     +    |      0|  0|  18|          11|          11|
    |tmp_166_fu_668_p2      |     +    |      0|  0|  18|          11|          11|
    |tmp_167_fu_683_p2      |     +    |      0|  0|  18|          11|          11|
    |tmp_156_fu_348_p2      |     -    |      0|  0|  18|          11|          11|
    |tmp_158_fu_366_p2      |     -    |      0|  0|  17|          10|          10|
    |exitcond20_fu_320_p2   |   icmp   |      0|  0|   9|           2|           3|
    |exitcond21_fu_372_p2   |   icmp   |      0|  0|  13|           9|           2|
    |exitcond22_fu_402_p2   |   icmp   |      0|  0|   9|           4|           4|
    |exitcond23_fu_568_p2   |   icmp   |      0|  0|  13|           9|           2|
    |exitcond24_fu_434_p2   |   icmp   |      0|  0|   9|           4|           4|
    |exitcond25_fu_613_p2   |   icmp   |      0|  0|  11|           8|           2|
    |exitcond8_fu_466_p2    |   icmp   |      0|  0|  11|           8|           8|
    |exitcond_fu_652_p2     |   icmp   |      0|  0|  13|           9|          10|
    |tmp_152_fu_529_p2      |   icmp   |      0|  0|  11|           7|           1|
    |p_1_fu_547_p3          |  select  |      0|  0|   8|           1|           8|
    |p_s_87_fu_540_p3       |  select  |      0|  0|   7|           1|           7|
    |loc_V_fu_446_p2        |    shl   |      0|  0|  19|           1|           8|
    |tmp_s_fu_408_p2        |    shl   |      0|  0|  21|           1|           9|
    |save_V_d1              |    xor   |      0|  0|   8|           1|           1|
    +-----------------------+----------+-------+---+----+------------+------------+
    |Total                  |          |      0|  0| 582|         297|         236|
    +-----------------------+----------+-------+---+----+------------+------------+

    * Multiplexer: 
    +---------------------+----+-----------+-----+-----------+
    |         Name        | LUT| Input Size| Bits| Total Bits|
    +---------------------+----+-----------+-----+-----------+
    |ap_NS_fsm            |  65|         16|    1|         16|
    |i_2_reg_275          |   9|          2|    8|         16|
    |i_3_reg_286          |   9|          2|    9|         18|
    |i_4_reg_298          |   9|          2|    8|         16|
    |i_5_reg_309          |   9|          2|    9|         18|
    |indvars_iv_reg_232   |   9|          2|    4|          8|
    |k_2_reg_221          |   9|          2|    9|         18|
    |l_1_reg_244          |   9|          2|    4|          8|
    |list_reg_210         |   9|          2|    2|          4|
    |p_0260_0_in_reg_255  |   9|          2|    7|         14|
    |p_s_reg_264          |   9|          2|    8|         16|
    |save_V_address0      |  21|          4|   10|         40|
    |save_V_address1      |  15|          3|   10|         30|
    |save_p_V_address0    |  21|          4|   10|         40|
    +---------------------+----+-----------+-----+-----------+
    |Total                | 212|         47|   99|        262|
    +---------------------+----+-----------+-----+-----------+

    * Register: 
    +-----------------------+----+----+-----+-----------+
    |          Name         | FF | LUT| Bits| Const Bits|
    +-----------------------+----+----+-----+-----------+
    |ap_CS_fsm              |  15|   0|   15|          0|
    |i_18_reg_836           |   8|   0|    8|          0|
    |i_19_reg_789           |   8|   0|    8|          0|
    |i_20_reg_854           |   9|   0|    9|          0|
    |i_2_reg_275            |   8|   0|    8|          0|
    |i_3_reg_286            |   9|   0|    9|          0|
    |i_4_reg_298            |   8|   0|    8|          0|
    |i_5_reg_309            |   9|   0|    9|          0|
    |i_op_assign_reg_752    |   9|   0|    9|          0|
    |i_reg_818              |   9|   0|    9|          0|
    |indvars_iv_reg_232     |   4|   0|    4|          0|
    |k_2_reg_221            |   9|   0|    9|          0|
    |k_reg_729              |   9|   0|    9|          0|
    |l_1_reg_244            |   4|   0|    4|          0|
    |l_reg_760              |   4|   0|    4|          0|
    |list_13_reg_700        |   2|   0|    2|          0|
    |list_reg_210           |   2|   0|    2|          0|
    |loc_V_reg_765          |   8|   0|    8|          0|
    |p_0260_0_in_reg_255    |   7|   0|    7|          0|
    |p_lshr_f_cast_reg_747  |   8|   0|    8|          0|
    |p_s_87_reg_805         |   7|   0|    7|          0|
    |p_s_reg_264            |   8|   0|    8|          0|
    |p_shl_cast5_reg_716    |   2|   0|   11|          9|
    |point_V_reg_810        |   8|   0|    8|          0|
    |rhs_V_10_cast_reg_776  |   8|   0|   10|          2|
    |save_V_addr_2_reg_794  |  10|   0|   10|          0|
    |tmp_156_reg_705        |  11|   0|   11|          0|
    |tmp_158_reg_721        |  10|   0|   10|          0|
    |tmp_162_reg_841        |  10|   0|   10|          0|
    |tmp_166_reg_859        |  11|   0|   11|          0|
    |tmp_185_cast_reg_734   |  64|   0|   64|          0|
    |tmp_80_reg_770         |   7|   0|    7|          0|
    +-----------------------+----+----+-----+-----------+
    |Total                  | 305|   0|  316|         11|
    +-----------------------+----+----+-----+-----------+



================================================================
== Interface
================================================================
* Summary: 
+--------------------------+-----+-----+------------+-----------------+--------------+
|         RTL Ports        | Dir | Bits|  Protocol  |  Source Object  |    C Type    |
+--------------------------+-----+-----+------------+-----------------+--------------+
|ap_clk                    |  in |    1| ap_ctrl_hs |  feedback_logic | return value |
|ap_rst                    |  in |    1| ap_ctrl_hs |  feedback_logic | return value |
|ap_start                  |  in |    1| ap_ctrl_hs |  feedback_logic | return value |
|ap_done                   | out |    1| ap_ctrl_hs |  feedback_logic | return value |
|ap_idle                   | out |    1| ap_ctrl_hs |  feedback_logic | return value |
|ap_ready                  | out |    1| ap_ctrl_hs |  feedback_logic | return value |
|enc_in_V_address0         | out |   10|  ap_memory |     enc_in_V    |     array    |
|enc_in_V_ce0              | out |    1|  ap_memory |     enc_in_V    |     array    |
|enc_in_V_q0               |  in |    1|  ap_memory |     enc_in_V    |     array    |
|ll_dec_o_V_address0       | out |    9|  ap_memory |    ll_dec_o_V   |     array    |
|ll_dec_o_V_ce0            | out |    1|  ap_memory |    ll_dec_o_V   |     array    |
|ll_dec_o_V_we0            | out |    1|  ap_memory |    ll_dec_o_V   |     array    |
|ll_dec_o_V_d0             | out |    1|  ap_memory |    ll_dec_o_V   |     array    |
|encoded_dec_o_V_address0  | out |    9|  ap_memory | encoded_dec_o_V |     array    |
|encoded_dec_o_V_ce0       | out |    1|  ap_memory | encoded_dec_o_V |     array    |
|encoded_dec_o_V_we0       | out |    1|  ap_memory | encoded_dec_o_V |     array    |
|encoded_dec_o_V_d0        | out |    1|  ap_memory | encoded_dec_o_V |     array    |
+--------------------------+-----+-----+------------+-----------------+--------------+

