

================================================================
== Vivado HLS Report for 'fir'
================================================================
* Date:           Fri Oct  6 22:25:16 2017

* Version:        2017.2 (Build 1909853 on Thu Jun 15 18:55:24 MDT 2017)
* Project:        237c_hw1_fir11
* Solution:       solution1
* Product family: kintex7l
* Target device:  xc7k160tlfbv484-2l


================================================================
== Performance Estimates
================================================================
+ Timing (ns): 
    * Summary: 
    +--------+-------+----------+------------+
    |  Clock | Target| Estimated| Uncertainty|
    +--------+-------+----------+------------+
    |ap_clk  |  10.00|      8.10|        1.25|
    +--------+-------+----------+------------+

+ Latency (clock cycles): 
    * Summary: 
    +-----+-----+-----+-----+---------+
    |  Latency  |  Interval | Pipeline|
    | min | max | min | max |   Type  |
    +-----+-----+-----+-----+---------+
    |   56|   56|   57|   57|   none  |
    +-----+-----+-----+-----+---------+

    + Detail: 
        * Instance: 
        N/A

        * Loop: 
        +----------+-----+-----+----------+-----------+-----------+------+----------+
        |          |  Latency  | Iteration|  Initiation Interval  | Trip |          |
        | Loop Name| min | max |  Latency |  achieved |   target  | Count| Pipelined|
        +----------+-----+-----+----------+-----------+-----------+------+----------+
        |- Loop 1  |   55|   55|         5|          -|          -|    11|    no    |
        +----------+-----+-----+----------+-----------+-----------+------+----------+



================================================================
== Utilization Estimates
================================================================
* Summary: 
+-----------------+---------+-------+--------+--------+
|       Name      | BRAM_18K| DSP48E|   FF   |   LUT  |
+-----------------+---------+-------+--------+--------+
|DSP              |        -|      -|       -|       -|
|Expression       |        -|      4|     121|      97|
|FIFO             |        -|      -|       -|       -|
|Instance         |        -|      -|       -|       -|
|Memory           |        0|      -|      74|       8|
|Multiplexer      |        -|      -|       -|     122|
|Register         |        -|      -|     123|       -|
+-----------------+---------+-------+--------+--------+
|Total            |        0|      4|     318|     227|
+-----------------+---------+-------+--------+--------+
|Available        |      650|    600|  202800|  101400|
+-----------------+---------+-------+--------+--------+
|Utilization (%)  |        0|   ~0  |   ~0   |   ~0   |
+-----------------+---------+-------+--------+--------+

+ Detail: 
    * Instance: 
    N/A

    * DSP48: 
    N/A

    * Memory: 
    +--------------+----------------+---------+----+----+------+-----+------+-------------+
    |    Memory    |     Module     | BRAM_18K| FF | LUT| Words| Bits| Banks| W*Bits*Banks|
    +--------------+----------------+---------+----+----+------+-----+------+-------------+
    |c1_U          |fir_c1          |        0|  10|   2|    11|   10|     1|          110|
    |delay_line_U  |fir_delay_line  |        0|  64|   6|    11|   32|     1|          352|
    +--------------+----------------+---------+----+----+------+-----+------+-------------+
    |Total         |                |        0|  74|   8|    22|   42|     2|          462|
    +--------------+----------------+---------+----+----+------+-----+------+-------------+

    * FIFO: 
    N/A

    * Expression: 
    +-----------------+----------+-------+-----+----+------------+------------+
    |  Variable Name  | Operation| DSP48E|  FF | LUT| Bitwidth P0| Bitwidth P1|
    +-----------------+----------+-------+-----+----+------------+------------+
    |tmp_3_fu_149_p2  |     *    |      4|    0|  48|          10|          32|
    |acc_1_fu_154_p2  |     +    |      0|  101|  37|          32|          32|
    |grp_fu_116_p2    |     +    |      0|   20|  10|           5|           2|
    |tmp_1_fu_135_p2  |   icmp   |      0|    0|   2|           5|           1|
    +-----------------+----------+-------+-----+----+------------+------------+
    |Total            |          |      4|  121|  97|          52|          67|
    +-----------------+----------+-------+-----+----+------------+------------+

    * Multiplexer: 
    +---------------------+----+-----------+-----+-----------+
    |         Name        | LUT| Input Size| Bits| Total Bits|
    +---------------------+----+-----------+-----+-----------+
    |acc_reg_91           |   9|          2|   32|         64|
    |ap_NS_fsm            |  45|          7|    1|          7|
    |delay_line_address0  |  33|          5|    4|         20|
    |delay_line_d0        |  13|          3|   32|         96|
    |grp_fu_116_p0        |  13|          3|    5|         15|
    |i_reg_104            |   9|          2|    5|         10|
    +---------------------+----+-----------+-----+-----------+
    |Total                | 122|         22|   79|        212|
    +---------------------+----+-----------+-----+-----------+

    * Register: 
    +---------------------------+----+----+-----+-----------+
    |            Name           | FF | LUT| Bits| Const Bits|
    +---------------------------+----+----+-----+-----------+
    |acc_reg_91                 |  32|   0|   32|          0|
    |ap_CS_fsm                  |   6|   0|    6|          0|
    |c1_load_reg_204            |  10|   0|   10|          0|
    |delay_line_load_1_reg_199  |  32|   0|   32|          0|
    |i_1_reg_184                |   5|   0|    5|          0|
    |i_cast_reg_165             |  32|   0|   32|          0|
    |i_reg_104                  |   5|   0|    5|          0|
    |tmp_1_reg_175              |   1|   0|    1|          0|
    +---------------------------+----+----+-----+-----------+
    |Total                      | 123|   0|  123|          0|
    +---------------------------+----+----+-----+-----------+



================================================================
== Interface
================================================================
* Summary: 
+----------+-----+-----+------------+--------------+--------------+
| RTL Ports| Dir | Bits|  Protocol  | Source Object|    C Type    |
+----------+-----+-----+------------+--------------+--------------+
|ap_clk    |  in |    1| ap_ctrl_hs |      fir     | return value |
|ap_rst    |  in |    1| ap_ctrl_hs |      fir     | return value |
|ap_start  |  in |    1| ap_ctrl_hs |      fir     | return value |
|ap_done   | out |    1| ap_ctrl_hs |      fir     | return value |
|ap_idle   | out |    1| ap_ctrl_hs |      fir     | return value |
|ap_ready  | out |    1| ap_ctrl_hs |      fir     | return value |
|y         | out |   32|   ap_vld   |       y      |    pointer   |
|y_ap_vld  | out |    1|   ap_vld   |       y      |    pointer   |
|x         |  in |   32|   ap_none  |       x      |    scalar    |
+----------+-----+-----+------------+--------------+--------------+

