

================================================================
== Vivado HLS Report for 'dft'
================================================================
* Date:           Tue Nov  7 13:15:09 2017

* Version:        2017.3 (Build 2018833 on Wed Oct 04 20:30:40 MDT 2017)
* Project:        dft_256_q4
* Solution:       solution1
* Product family: kintex7
* Target device:  xc7k160tfbg484-2


================================================================
== Performance Estimates
================================================================
+ Timing (ns): 
    * Summary: 
    +--------+-------+----------+------------+
    |  Clock | Target| Estimated| Uncertainty|
    +--------+-------+----------+------------+
    |ap_clk  |  10.00|      8.77|        1.25|
    +--------+-------+----------+------------+

+ Latency (clock cycles): 
    * Summary: 
    +--------+--------+--------+--------+---------+
    |     Latency     |     Interval    | Pipeline|
    |   min  |   max  |   min  |   max  |   Type  |
    +--------+--------+--------+--------+---------+
    |  334849|  334849|  334850|  334850|   none  |
    +--------+--------+--------+--------+---------+

    + Detail: 
        * Instance: 
        N/A

        * Loop: 
        +-------------+--------+--------+----------+-----------+-----------+------+----------+
        |             |     Latency     | Iteration|  Initiation Interval  | Trip |          |
        |  Loop Name  |   min  |   max  |  Latency |  achieved |   target  | Count| Pipelined|
        +-------------+--------+--------+----------+-----------+-----------+------+----------+
        |- Loop 1     |  334848|  334848|      1308|          -|          -|   256|    no    |
        | + Loop 1.1  |    1306|    1306|       653|          -|          -|     2|    no    |
        +-------------+--------+--------+----------+-----------+-----------+------+----------+



================================================================
== Utilization Estimates
================================================================
* Summary: 
+-----------------+---------+-------+--------+--------+
|       Name      | BRAM_18K| DSP48E|   FF   |   LUT  |
+-----------------+---------+-------+--------+--------+
|DSP              |        -|      -|       -|       -|
|Expression       |        -|      0|       0|    7211|
|FIFO             |        -|      -|       -|       -|
|Instance         |        -|     56|    3632|    4680|
|Memory           |      256|      -|       0|       0|
|Multiplexer      |        -|      -|       -|    4642|
|Register         |        -|      -|    1619|       -|
+-----------------+---------+-------+--------+--------+
|Total            |      256|     56|    5251|   16533|
+-----------------+---------+-------+--------+--------+
|Available        |      650|    600|  202800|  101400|
+-----------------+---------+-------+--------+--------+
|Utilization (%)  |       39|      9|       2|      16|
+-----------------+---------+-------+--------+--------+

+ Detail: 
    * Instance: 
    +--------------------------+----------------------+---------+-------+-----+-----+
    |         Instance         |        Module        | BRAM_18K| DSP48E|  FF | LUT |
    +--------------------------+----------------------+---------+-------+-----+-----+
    |dft_dadd_64ns_64ng8j_U8   |dft_dadd_64ns_64ng8j  |        0|      3|  445|  782|
    |dft_dadd_64ns_64ng8j_U10  |dft_dadd_64ns_64ng8j  |        0|      3|  445|  782|
    |dft_dadddsub_64nsfYi_U7   |dft_dadddsub_64nsfYi  |        0|      3|  445|  782|
    |dft_dmul_64ns_64nibs_U11  |dft_dmul_64ns_64nibs  |        0|     11|  299|  203|
    |dft_dmul_64ns_64nibs_U12  |dft_dmul_64ns_64nibs  |        0|     11|  299|  203|
    |dft_dmul_64ns_64nibs_U13  |dft_dmul_64ns_64nibs  |        0|     11|  299|  203|
    |dft_dmul_64ns_64nibs_U14  |dft_dmul_64ns_64nibs  |        0|     11|  299|  203|
    |dft_dsub_64ns_64nhbi_U9   |dft_dsub_64ns_64nhbi  |        0|      3|  445|  782|
    |dft_fpext_32ns_64eOg_U3   |dft_fpext_32ns_64eOg  |        0|      0|  100|  138|
    |dft_fpext_32ns_64eOg_U4   |dft_fpext_32ns_64eOg  |        0|      0|  100|  138|
    |dft_fpext_32ns_64eOg_U5   |dft_fpext_32ns_64eOg  |        0|      0|  100|  138|
    |dft_fpext_32ns_64eOg_U6   |dft_fpext_32ns_64eOg  |        0|      0|  100|  138|
    |dft_fptrunc_64ns_dEe_U1   |dft_fptrunc_64ns_dEe  |        0|      0|  128|   94|
    |dft_fptrunc_64ns_dEe_U2   |dft_fptrunc_64ns_dEe  |        0|      0|  128|   94|
    +--------------------------+----------------------+---------+-------+-----+-----+
    |Total                     |                      |        0|     56| 3632| 4680|
    +--------------------------+----------------------+---------+-------+-----+-----+

    * DSP48: 
    N/A

    * Memory: 
    +------------------------+----------------------+---------+---+----+-------+-----+------+-------------+
    |         Memory         |        Module        | BRAM_18K| FF| LUT| Words | Bits| Banks| W*Bits*Banks|
    +------------------------+----------------------+---------+---+----+-------+-----+------+-------------+
    |cos_coefficients_tab_U  |dft_cos_coefficiebkb  |      128|  0|   0|  65536|   32|     1|      2097152|
    |sin_coefficients_tab_U  |dft_sin_coefficiecud  |      128|  0|   0|  65536|   32|     1|      2097152|
    +------------------------+----------------------+---------+---+----+-------+-----+------+-------------+
    |Total                   |                      |      256|  0|   0| 131072|   64|     2|      4194304|
    +------------------------+----------------------+---------+---+----+-------+-----+------+-------------+

    * FIFO: 
    N/A

    * Expression: 
    +---------------------------+----------+-------+---+----+------------+------------+
    |       Variable Name       | Operation| DSP48E| FF| LUT| Bitwidth P0| Bitwidth P1|
    +---------------------------+----------+-------+---+----+------------+------------+
    |tmp_2_100_cast_fu_6844_p2  |     *    |      0|  0|  41|           8|           8|
    |tmp_2_101_cast_fu_6866_p2  |     *    |      0|  0|  41|           8|           8|
    |tmp_2_102_cast_fu_6888_p2  |     *    |      0|  0|  41|           8|           8|
    |tmp_2_103_cast_fu_6910_p2  |     *    |      0|  0|  41|           8|           8|
    |tmp_2_104_cast_fu_6932_p2  |     *    |      0|  0|  41|           8|           8|
    |tmp_2_105_cast_fu_6954_p2  |     *    |      0|  0|  41|           8|           8|
    |tmp_2_106_cast_fu_6976_p2  |     *    |      0|  0|  41|           8|           8|
    |tmp_2_107_cast_fu_6998_p2  |     *    |      0|  0|  41|           8|           8|
    |tmp_2_108_cast_fu_7020_p2  |     *    |      0|  0|  41|           8|           8|
    |tmp_2_109_cast_fu_7042_p2  |     *    |      0|  0|  41|           8|           8|
    |tmp_2_10_cast_fu_4864_p2   |     *    |      0|  0|  41|           8|           8|
    |tmp_2_110_cast_fu_7064_p2  |     *    |      0|  0|  41|           8|           8|
    |tmp_2_111_cast_fu_7086_p2  |     *    |      0|  0|  41|           8|           8|
    |tmp_2_112_cast_fu_7108_p2  |     *    |      0|  0|  41|           8|           8|
    |tmp_2_113_cast_fu_7130_p2  |     *    |      0|  0|  41|           8|           8|
    |tmp_2_114_cast_fu_7152_p2  |     *    |      0|  0|  41|           8|           8|
    |tmp_2_115_cast_fu_7174_p2  |     *    |      0|  0|  41|           8|           8|
    |tmp_2_116_cast_fu_7196_p2  |     *    |      0|  0|  41|           8|           8|
    |tmp_2_117_cast_fu_7218_p2  |     *    |      0|  0|  41|           8|           8|
    |tmp_2_118_cast_fu_7240_p2  |     *    |      0|  0|  41|           8|           8|
    |tmp_2_119_cast_fu_7262_p2  |     *    |      0|  0|  41|           8|           8|
    |tmp_2_11_cast_fu_4886_p2   |     *    |      0|  0|  41|           8|           8|
    |tmp_2_120_cast_fu_7284_p2  |     *    |      0|  0|  41|           8|           8|
    |tmp_2_121_cast_fu_7306_p2  |     *    |      0|  0|  41|           8|           8|
    |tmp_2_122_cast_fu_7328_p2  |     *    |      0|  0|  41|           8|           8|
    |tmp_2_123_cast_fu_7350_p2  |     *    |      0|  0|  41|           8|           8|
    |tmp_2_124_cast_fu_7372_p2  |     *    |      0|  0|  41|           8|           8|
    |tmp_2_125_cast_fu_7394_p2  |     *    |      0|  0|  41|           8|           8|
    |tmp_2_126_cast_fu_7416_p2  |     *    |      0|  0|  41|           8|           8|
    |tmp_2_12_cast_fu_4908_p2   |     *    |      0|  0|  41|           8|           8|
    |tmp_2_13_cast_fu_4930_p2   |     *    |      0|  0|  41|           8|           8|
    |tmp_2_14_cast_fu_4952_p2   |     *    |      0|  0|  41|           8|           8|
    |tmp_2_15_cast_fu_4974_p2   |     *    |      0|  0|  41|           8|           8|
    |tmp_2_16_cast_fu_4996_p2   |     *    |      0|  0|  41|           8|           8|
    |tmp_2_17_cast_fu_5018_p2   |     *    |      0|  0|  41|           8|           8|
    |tmp_2_18_cast_fu_5040_p2   |     *    |      0|  0|  41|           8|           8|
    |tmp_2_19_cast_fu_5062_p2   |     *    |      0|  0|  41|           8|           8|
    |tmp_2_1_cast_fu_4644_p2    |     *    |      0|  0|  41|           8|           8|
    |tmp_2_20_cast_fu_5084_p2   |     *    |      0|  0|  41|           8|           8|
    |tmp_2_21_cast_fu_5106_p2   |     *    |      0|  0|  41|           8|           8|
    |tmp_2_22_cast_fu_5128_p2   |     *    |      0|  0|  41|           8|           8|
    |tmp_2_23_cast_fu_5150_p2   |     *    |      0|  0|  41|           8|           8|
    |tmp_2_24_cast_fu_5172_p2   |     *    |      0|  0|  41|           8|           8|
    |tmp_2_25_cast_fu_5194_p2   |     *    |      0|  0|  41|           8|           8|
    |tmp_2_26_cast_fu_5216_p2   |     *    |      0|  0|  41|           8|           8|
    |tmp_2_27_cast_fu_5238_p2   |     *    |      0|  0|  41|           8|           8|
    |tmp_2_28_cast_fu_5260_p2   |     *    |      0|  0|  41|           8|           8|
    |tmp_2_29_cast_fu_5282_p2   |     *    |      0|  0|  41|           8|           8|
    |tmp_2_2_cast_fu_4666_p2    |     *    |      0|  0|  41|           8|           8|
    |tmp_2_30_cast_fu_5304_p2   |     *    |      0|  0|  41|           8|           8|
    |tmp_2_31_cast_fu_5326_p2   |     *    |      0|  0|  41|           8|           8|
    |tmp_2_32_cast_fu_5348_p2   |     *    |      0|  0|  41|           8|           8|
    |tmp_2_33_cast_fu_5370_p2   |     *    |      0|  0|  41|           8|           8|
    |tmp_2_34_cast_fu_5392_p2   |     *    |      0|  0|  41|           8|           8|
    |tmp_2_35_cast_fu_5414_p2   |     *    |      0|  0|  41|           8|           8|
    |tmp_2_36_cast_fu_5436_p2   |     *    |      0|  0|  41|           8|           8|
    |tmp_2_37_cast_fu_5458_p2   |     *    |      0|  0|  41|           8|           8|
    |tmp_2_38_cast_fu_5480_p2   |     *    |      0|  0|  41|           8|           8|
    |tmp_2_39_cast_fu_5502_p2   |     *    |      0|  0|  41|           8|           8|
    |tmp_2_3_cast_fu_4688_p2    |     *    |      0|  0|  41|           8|           8|
    |tmp_2_40_cast_fu_5524_p2   |     *    |      0|  0|  41|           8|           8|
    |tmp_2_41_cast_fu_5546_p2   |     *    |      0|  0|  41|           8|           8|
    |tmp_2_42_cast_fu_5568_p2   |     *    |      0|  0|  41|           8|           8|
    |tmp_2_43_cast_fu_5590_p2   |     *    |      0|  0|  41|           8|           8|
    |tmp_2_44_cast_fu_5612_p2   |     *    |      0|  0|  41|           8|           8|
    |tmp_2_45_cast_fu_5634_p2   |     *    |      0|  0|  41|           8|           8|
    |tmp_2_46_cast_fu_5656_p2   |     *    |      0|  0|  41|           8|           8|
    |tmp_2_47_cast_fu_5678_p2   |     *    |      0|  0|  41|           8|           8|
    |tmp_2_48_cast_fu_5700_p2   |     *    |      0|  0|  41|           8|           8|
    |tmp_2_49_cast_fu_5722_p2   |     *    |      0|  0|  41|           8|           8|
    |tmp_2_4_cast_fu_4710_p2    |     *    |      0|  0|  41|           8|           8|
    |tmp_2_50_cast_fu_5744_p2   |     *    |      0|  0|  41|           8|           8|
    |tmp_2_51_cast_fu_5766_p2   |     *    |      0|  0|  41|           8|           8|
    |tmp_2_52_cast_fu_5788_p2   |     *    |      0|  0|  41|           8|           8|
    |tmp_2_53_cast_fu_5810_p2   |     *    |      0|  0|  41|           8|           8|
    |tmp_2_54_cast_fu_5832_p2   |     *    |      0|  0|  41|           8|           8|
    |tmp_2_55_cast_fu_5854_p2   |     *    |      0|  0|  41|           8|           8|
    |tmp_2_56_cast_fu_5876_p2   |     *    |      0|  0|  41|           8|           8|
    |tmp_2_57_cast_fu_5898_p2   |     *    |      0|  0|  41|           8|           8|
    |tmp_2_58_cast_fu_5920_p2   |     *    |      0|  0|  41|           8|           8|
    |tmp_2_59_cast_fu_5942_p2   |     *    |      0|  0|  41|           8|           8|
    |tmp_2_5_cast_fu_4732_p2    |     *    |      0|  0|  41|           8|           8|
    |tmp_2_60_cast_fu_5964_p2   |     *    |      0|  0|  41|           8|           8|
    |tmp_2_61_cast_fu_5986_p2   |     *    |      0|  0|  41|           8|           8|
    |tmp_2_62_cast_fu_6008_p2   |     *    |      0|  0|  41|           8|           8|
    |tmp_2_63_cast_fu_6030_p2   |     *    |      0|  0|  41|           8|           8|
    |tmp_2_64_cast_fu_6052_p2   |     *    |      0|  0|  41|           8|           8|
    |tmp_2_65_cast_fu_6074_p2   |     *    |      0|  0|  41|           8|           8|
    |tmp_2_66_cast_fu_6096_p2   |     *    |      0|  0|  41|           8|           8|
    |tmp_2_67_cast_fu_6118_p2   |     *    |      0|  0|  41|           8|           8|
    |tmp_2_68_cast_fu_6140_p2   |     *    |      0|  0|  41|           8|           8|
    |tmp_2_69_cast_fu_6162_p2   |     *    |      0|  0|  41|           8|           8|
    |tmp_2_6_cast_fu_4754_p2    |     *    |      0|  0|  41|           8|           8|
    |tmp_2_70_cast_fu_6184_p2   |     *    |      0|  0|  41|           8|           8|
    |tmp_2_71_cast_fu_6206_p2   |     *    |      0|  0|  41|           8|           8|
    |tmp_2_72_cast_fu_6228_p2   |     *    |      0|  0|  41|           8|           8|
    |tmp_2_73_cast_fu_6250_p2   |     *    |      0|  0|  41|           8|           8|
    |tmp_2_74_cast_fu_6272_p2   |     *    |      0|  0|  41|           8|           8|
    |tmp_2_75_cast_fu_6294_p2   |     *    |      0|  0|  41|           8|           8|
    |tmp_2_76_cast_fu_6316_p2   |     *    |      0|  0|  41|           8|           8|
    |tmp_2_77_cast_fu_6338_p2   |     *    |      0|  0|  41|           8|           8|
    |tmp_2_78_cast_fu_6360_p2   |     *    |      0|  0|  41|           8|           8|
    |tmp_2_79_cast_fu_6382_p2   |     *    |      0|  0|  41|           8|           8|
    |tmp_2_7_cast_fu_4776_p2    |     *    |      0|  0|  41|           8|           8|
    |tmp_2_80_cast_fu_6404_p2   |     *    |      0|  0|  41|           8|           8|
    |tmp_2_81_cast_fu_6426_p2   |     *    |      0|  0|  41|           8|           8|
    |tmp_2_82_cast_fu_6448_p2   |     *    |      0|  0|  41|           8|           8|
    |tmp_2_83_cast_fu_6470_p2   |     *    |      0|  0|  41|           8|           8|
    |tmp_2_84_cast_fu_6492_p2   |     *    |      0|  0|  41|           8|           8|
    |tmp_2_85_cast_fu_6514_p2   |     *    |      0|  0|  41|           8|           8|
    |tmp_2_86_cast_fu_6536_p2   |     *    |      0|  0|  41|           8|           8|
    |tmp_2_87_cast_fu_6558_p2   |     *    |      0|  0|  41|           8|           8|
    |tmp_2_88_cast_fu_6580_p2   |     *    |      0|  0|  41|           8|           8|
    |tmp_2_89_cast_fu_6602_p2   |     *    |      0|  0|  41|           8|           8|
    |tmp_2_8_cast_fu_4798_p2    |     *    |      0|  0|  41|           8|           8|
    |tmp_2_90_cast_fu_6624_p2   |     *    |      0|  0|  41|           8|           8|
    |tmp_2_91_cast_fu_6646_p2   |     *    |      0|  0|  41|           8|           8|
    |tmp_2_92_cast_fu_6668_p2   |     *    |      0|  0|  41|           8|           8|
    |tmp_2_93_cast_fu_6690_p2   |     *    |      0|  0|  41|           8|           8|
    |tmp_2_94_cast_fu_6712_p2   |     *    |      0|  0|  41|           8|           8|
    |tmp_2_95_cast_fu_6734_p2   |     *    |      0|  0|  41|           8|           8|
    |tmp_2_96_cast_fu_6756_p2   |     *    |      0|  0|  41|           8|           8|
    |tmp_2_97_cast_fu_6778_p2   |     *    |      0|  0|  41|           8|           8|
    |tmp_2_98_cast_fu_6800_p2   |     *    |      0|  0|  41|           8|           8|
    |tmp_2_99_cast_fu_6822_p2   |     *    |      0|  0|  41|           8|           8|
    |tmp_2_9_cast_fu_4820_p2    |     *    |      0|  0|  41|           8|           8|
    |tmp_2_cast_fu_4842_p2      |     *    |      0|  0|  41|           8|           8|
    |tmp_2_fu_4616_p2           |     *    |      0|  0|  41|           8|           8|
    |i_1_fu_4594_p2             |     +    |      0|  0|  16|           1|           9|
    |j_1_127_fu_4633_p2         |     +    |      0|  0|  16|           8|           9|
    |exitcond1_fu_4588_p2       |   icmp   |      0|  0|  13|           9|          10|
    |exitcond_fu_4606_p2        |   icmp   |      0|  0|  13|           9|          10|
    |j_1_100_fu_6839_p2         |    or    |      0|  0|  15|           8|           7|
    |j_1_101_fu_6861_p2         |    or    |      0|  0|  15|           8|           7|
    |j_1_102_fu_6883_p2         |    or    |      0|  0|  15|           8|           7|
    |j_1_103_fu_6905_p2         |    or    |      0|  0|  15|           8|           7|
    |j_1_104_fu_6927_p2         |    or    |      0|  0|  15|           8|           7|
    |j_1_105_fu_6949_p2         |    or    |      0|  0|  15|           8|           7|
    |j_1_106_fu_6971_p2         |    or    |      0|  0|  15|           8|           7|
    |j_1_107_fu_6993_p2         |    or    |      0|  0|  15|           8|           7|
    |j_1_108_fu_7015_p2         |    or    |      0|  0|  15|           8|           7|
    |j_1_109_fu_7037_p2         |    or    |      0|  0|  15|           8|           7|
    |j_1_10_fu_4859_p2          |    or    |      0|  0|  15|           8|           4|
    |j_1_110_fu_7059_p2         |    or    |      0|  0|  15|           8|           7|
    |j_1_111_fu_7081_p2         |    or    |      0|  0|  15|           8|           7|
    |j_1_112_fu_7103_p2         |    or    |      0|  0|  15|           8|           7|
    |j_1_113_fu_7125_p2         |    or    |      0|  0|  15|           8|           7|
    |j_1_114_fu_7147_p2         |    or    |      0|  0|  15|           8|           7|
    |j_1_115_fu_7169_p2         |    or    |      0|  0|  15|           8|           7|
    |j_1_116_fu_7191_p2         |    or    |      0|  0|  15|           8|           7|
    |j_1_117_fu_7213_p2         |    or    |      0|  0|  15|           8|           7|
    |j_1_118_fu_7235_p2         |    or    |      0|  0|  15|           8|           7|
    |j_1_119_fu_7257_p2         |    or    |      0|  0|  15|           8|           7|
    |j_1_11_fu_4881_p2          |    or    |      0|  0|  15|           8|           4|
    |j_1_120_fu_7279_p2         |    or    |      0|  0|  15|           8|           7|
    |j_1_121_fu_7301_p2         |    or    |      0|  0|  15|           8|           7|
    |j_1_122_fu_7323_p2         |    or    |      0|  0|  15|           8|           7|
    |j_1_123_fu_7345_p2         |    or    |      0|  0|  15|           8|           7|
    |j_1_124_fu_7367_p2         |    or    |      0|  0|  15|           8|           7|
    |j_1_125_fu_7389_p2         |    or    |      0|  0|  15|           8|           7|
    |j_1_126_fu_7411_p2         |    or    |      0|  0|  15|           8|           7|
    |j_1_12_fu_4903_p2          |    or    |      0|  0|  15|           8|           4|
    |j_1_13_fu_4925_p2          |    or    |      0|  0|  15|           8|           4|
    |j_1_14_fu_4947_p2          |    or    |      0|  0|  15|           8|           4|
    |j_1_15_fu_4969_p2          |    or    |      0|  0|  15|           8|           5|
    |j_1_16_fu_4991_p2          |    or    |      0|  0|  15|           8|           5|
    |j_1_17_fu_5013_p2          |    or    |      0|  0|  15|           8|           5|
    |j_1_18_fu_5035_p2          |    or    |      0|  0|  15|           8|           5|
    |j_1_19_fu_5057_p2          |    or    |      0|  0|  15|           8|           5|
    |j_1_1_fu_4661_p2           |    or    |      0|  0|  15|           8|           2|
    |j_1_20_fu_5079_p2          |    or    |      0|  0|  15|           8|           5|
    |j_1_21_fu_5101_p2          |    or    |      0|  0|  15|           8|           5|
    |j_1_22_fu_5123_p2          |    or    |      0|  0|  15|           8|           5|
    |j_1_23_fu_5145_p2          |    or    |      0|  0|  15|           8|           5|
    |j_1_24_fu_5167_p2          |    or    |      0|  0|  15|           8|           5|
    |j_1_25_fu_5189_p2          |    or    |      0|  0|  15|           8|           5|
    |j_1_26_fu_5211_p2          |    or    |      0|  0|  15|           8|           5|
    |j_1_27_fu_5233_p2          |    or    |      0|  0|  15|           8|           5|
    |j_1_28_fu_5255_p2          |    or    |      0|  0|  15|           8|           5|
    |j_1_29_fu_5277_p2          |    or    |      0|  0|  15|           8|           5|
    |j_1_2_fu_4683_p2           |    or    |      0|  0|  15|           8|           2|
    |j_1_30_fu_5299_p2          |    or    |      0|  0|  15|           8|           5|
    |j_1_31_fu_5321_p2          |    or    |      0|  0|  15|           8|           6|
    |j_1_32_fu_5343_p2          |    or    |      0|  0|  15|           8|           6|
    |j_1_33_fu_5365_p2          |    or    |      0|  0|  15|           8|           6|
    |j_1_34_fu_5387_p2          |    or    |      0|  0|  15|           8|           6|
    |j_1_35_fu_5409_p2          |    or    |      0|  0|  15|           8|           6|
    |j_1_36_fu_5431_p2          |    or    |      0|  0|  15|           8|           6|
    |j_1_37_fu_5453_p2          |    or    |      0|  0|  15|           8|           6|
    |j_1_38_fu_5475_p2          |    or    |      0|  0|  15|           8|           6|
    |j_1_39_fu_5497_p2          |    or    |      0|  0|  15|           8|           6|
    |j_1_3_fu_4705_p2           |    or    |      0|  0|  15|           8|           3|
    |j_1_40_fu_5519_p2          |    or    |      0|  0|  15|           8|           6|
    |j_1_41_fu_5541_p2          |    or    |      0|  0|  15|           8|           6|
    |j_1_42_fu_5563_p2          |    or    |      0|  0|  15|           8|           6|
    |j_1_43_fu_5585_p2          |    or    |      0|  0|  15|           8|           6|
    |j_1_44_fu_5607_p2          |    or    |      0|  0|  15|           8|           6|
    |j_1_45_fu_5629_p2          |    or    |      0|  0|  15|           8|           6|
    |j_1_46_fu_5651_p2          |    or    |      0|  0|  15|           8|           6|
    |j_1_47_fu_5673_p2          |    or    |      0|  0|  15|           8|           6|
    |j_1_48_fu_5695_p2          |    or    |      0|  0|  15|           8|           6|
    |j_1_49_fu_5717_p2          |    or    |      0|  0|  15|           8|           6|
    |j_1_4_fu_4727_p2           |    or    |      0|  0|  15|           8|           3|
    |j_1_50_fu_5739_p2          |    or    |      0|  0|  15|           8|           6|
    |j_1_51_fu_5761_p2          |    or    |      0|  0|  15|           8|           6|
    |j_1_52_fu_5783_p2          |    or    |      0|  0|  15|           8|           6|
    |j_1_53_fu_5805_p2          |    or    |      0|  0|  15|           8|           6|
    |j_1_54_fu_5827_p2          |    or    |      0|  0|  15|           8|           6|
    |j_1_55_fu_5849_p2          |    or    |      0|  0|  15|           8|           6|
    |j_1_56_fu_5871_p2          |    or    |      0|  0|  15|           8|           6|
    |j_1_57_fu_5893_p2          |    or    |      0|  0|  15|           8|           6|
    |j_1_58_fu_5915_p2          |    or    |      0|  0|  15|           8|           6|
    |j_1_59_fu_5937_p2          |    or    |      0|  0|  15|           8|           6|
    |j_1_5_fu_4749_p2           |    or    |      0|  0|  15|           8|           3|
    |j_1_60_fu_5959_p2          |    or    |      0|  0|  15|           8|           6|
    |j_1_61_fu_5981_p2          |    or    |      0|  0|  15|           8|           6|
    |j_1_62_fu_6003_p2          |    or    |      0|  0|  15|           8|           6|
    |j_1_63_fu_6025_p2          |    or    |      0|  0|  15|           8|           7|
    |j_1_64_fu_6047_p2          |    or    |      0|  0|  15|           8|           7|
    |j_1_65_fu_6069_p2          |    or    |      0|  0|  15|           8|           7|
    |j_1_66_fu_6091_p2          |    or    |      0|  0|  15|           8|           7|
    |j_1_67_fu_6113_p2          |    or    |      0|  0|  15|           8|           7|
    |j_1_68_fu_6135_p2          |    or    |      0|  0|  15|           8|           7|
    |j_1_69_fu_6157_p2          |    or    |      0|  0|  15|           8|           7|
    |j_1_6_fu_4771_p2           |    or    |      0|  0|  15|           8|           3|
    |j_1_70_fu_6179_p2          |    or    |      0|  0|  15|           8|           7|
    |j_1_71_fu_6201_p2          |    or    |      0|  0|  15|           8|           7|
    |j_1_72_fu_6223_p2          |    or    |      0|  0|  15|           8|           7|
    |j_1_73_fu_6245_p2          |    or    |      0|  0|  15|           8|           7|
    |j_1_74_fu_6267_p2          |    or    |      0|  0|  15|           8|           7|
    |j_1_75_fu_6289_p2          |    or    |      0|  0|  15|           8|           7|
    |j_1_76_fu_6311_p2          |    or    |      0|  0|  15|           8|           7|
    |j_1_77_fu_6333_p2          |    or    |      0|  0|  15|           8|           7|
    |j_1_78_fu_6355_p2          |    or    |      0|  0|  15|           8|           7|
    |j_1_79_fu_6377_p2          |    or    |      0|  0|  15|           8|           7|
    |j_1_7_fu_4793_p2           |    or    |      0|  0|  15|           8|           4|
    |j_1_80_fu_6399_p2          |    or    |      0|  0|  15|           8|           7|
    |j_1_81_fu_6421_p2          |    or    |      0|  0|  15|           8|           7|
    |j_1_82_fu_6443_p2          |    or    |      0|  0|  15|           8|           7|
    |j_1_83_fu_6465_p2          |    or    |      0|  0|  15|           8|           7|
    |j_1_84_fu_6487_p2          |    or    |      0|  0|  15|           8|           7|
    |j_1_85_fu_6509_p2          |    or    |      0|  0|  15|           8|           7|
    |j_1_86_fu_6531_p2          |    or    |      0|  0|  15|           8|           7|
    |j_1_87_fu_6553_p2          |    or    |      0|  0|  15|           8|           7|
    |j_1_88_fu_6575_p2          |    or    |      0|  0|  15|           8|           7|
    |j_1_89_fu_6597_p2          |    or    |      0|  0|  15|           8|           7|
    |j_1_8_fu_4815_p2           |    or    |      0|  0|  15|           8|           4|
    |j_1_90_fu_6619_p2          |    or    |      0|  0|  15|           8|           7|
    |j_1_91_fu_6641_p2          |    or    |      0|  0|  15|           8|           7|
    |j_1_92_fu_6663_p2          |    or    |      0|  0|  15|           8|           7|
    |j_1_93_fu_6685_p2          |    or    |      0|  0|  15|           8|           7|
    |j_1_94_fu_6707_p2          |    or    |      0|  0|  15|           8|           7|
    |j_1_95_fu_6729_p2          |    or    |      0|  0|  15|           8|           7|
    |j_1_96_fu_6751_p2          |    or    |      0|  0|  15|           8|           7|
    |j_1_97_fu_6773_p2          |    or    |      0|  0|  15|           8|           7|
    |j_1_98_fu_6795_p2          |    or    |      0|  0|  15|           8|           7|
    |j_1_99_fu_6817_p2          |    or    |      0|  0|  15|           8|           7|
    |j_1_9_fu_4837_p2           |    or    |      0|  0|  15|           8|           4|
    |j_1_s_fu_4639_p2           |    or    |      0|  0|  15|           8|           1|
    +---------------------------+----------+-------+---+----+------------+------------+
    |Total                      |          |      0|  0|7211|        2067|        1831|
    +---------------------------+----------+-------+---+----+------------+------------+

    * Multiplexer: 
    +-------------------------------+------+-----------+-----+-----------+
    |              Name             |  LUT | Input Size| Bits| Total Bits|
    +-------------------------------+------+-----------+-----+-----------+
    |ap_NS_fsm                      |  2193|        656|    1|        656|
    |cos_coefficients_tab_address0  |   581|        129|   16|       2064|
    |grp_fu_4450_p0                 |    17|          4|   32|        128|
    |grp_fu_4454_p0                 |    17|          4|   32|        128|
    |grp_fu_4466_opcode             |    13|          3|    2|          6|
    |grp_fu_4466_p0                 |    13|          3|   64|        192|
    |grp_fu_4466_p1                 |    17|          4|   64|        256|
    |grp_fu_4470_p0                 |    13|          3|   64|        192|
    |grp_fu_4470_p1                 |    17|          4|   64|        256|
    |i_reg_4422                     |     9|          2|    9|         18|
    |input_imag_address0            |   581|        129|    8|       1032|
    |input_real_address0            |   581|        129|    8|       1032|
    |j_reg_4433                     |     9|          2|    9|         18|
    |sin_coefficients_tab_address0  |   581|        129|   16|       2064|
    +-------------------------------+------+-----------+-----+-----------+
    |Total                          |  4642|       1201|  389|       8042|
    +-------------------------------+------+-----------+-----+-----------+

    * Register: 
    +---------------------------+-----+----+-----+-----------+
    |            Name           |  FF | LUT| Bits| Const Bits|
    +---------------------------+-----+----+-----+-----------+
    |ap_CS_fsm                  |  655|   0|  655|          0|
    |i_1_reg_7568               |    9|   0|    9|          0|
    |i_reg_4422                 |    9|   0|    9|          0|
    |j_1_127_reg_7737           |    9|   0|    9|          0|
    |j_reg_4433                 |    9|   0|    9|          0|
    |reg_4502                   |   64|   0|   64|          0|
    |reg_4509                   |   64|   0|   64|          0|
    |reg_4516                   |   64|   0|   64|          0|
    |reg_4522                   |   64|   0|   64|          0|
    |reg_4528                   |   64|   0|   64|          0|
    |reg_4534                   |   64|   0|   64|          0|
    |reg_4540                   |   64|   0|   64|          0|
    |reg_4546                   |   64|   0|   64|          0|
    |reg_4562                   |   32|   0|   32|          0|
    |reg_4568                   |   32|   0|   32|          0|
    |reg_4574                   |   64|   0|   64|          0|
    |reg_4579                   |   64|   0|   64|          0|
    |sample_imag_addr_reg_7578  |    8|   0|    8|          0|
    |sample_imag_load_reg_7797  |   32|   0|   32|          0|
    |sample_real_addr_reg_7573  |    8|   0|    8|          0|
    |sample_real_load_reg_7787  |   32|   0|   32|          0|
    |tmp_13_reg_7792            |   64|   0|   64|          0|
    |tmp_17_reg_7433            |    8|   0|    8|          0|
    |tmp_18_reg_7586            |    8|   0|    8|          0|
    |tmp_s_reg_7782             |   64|   0|   64|          0|
    +---------------------------+-----+----+-----+-----------+
    |Total                      | 1619|   0| 1619|          0|
    +---------------------------+-----+----+-----+-----------+



================================================================
== Interface
================================================================
* Summary: 
+----------------------+-----+-----+------------+--------------+--------------+
|       RTL Ports      | Dir | Bits|  Protocol  | Source Object|    C Type    |
+----------------------+-----+-----+------------+--------------+--------------+
|ap_clk                |  in |    1| ap_ctrl_hs |      dft     | return value |
|ap_rst                |  in |    1| ap_ctrl_hs |      dft     | return value |
|ap_start              |  in |    1| ap_ctrl_hs |      dft     | return value |
|ap_done               | out |    1| ap_ctrl_hs |      dft     | return value |
|ap_idle               | out |    1| ap_ctrl_hs |      dft     | return value |
|ap_ready              | out |    1| ap_ctrl_hs |      dft     | return value |
|input_real_address0   | out |    8|  ap_memory |  input_real  |     array    |
|input_real_ce0        | out |    1|  ap_memory |  input_real  |     array    |
|input_real_q0         |  in |   32|  ap_memory |  input_real  |     array    |
|input_imag_address0   | out |    8|  ap_memory |  input_imag  |     array    |
|input_imag_ce0        | out |    1|  ap_memory |  input_imag  |     array    |
|input_imag_q0         |  in |   32|  ap_memory |  input_imag  |     array    |
|sample_real_address0  | out |    8|  ap_memory |  sample_real |     array    |
|sample_real_ce0       | out |    1|  ap_memory |  sample_real |     array    |
|sample_real_we0       | out |    1|  ap_memory |  sample_real |     array    |
|sample_real_d0        | out |   32|  ap_memory |  sample_real |     array    |
|sample_real_q0        |  in |   32|  ap_memory |  sample_real |     array    |
|sample_imag_address0  | out |    8|  ap_memory |  sample_imag |     array    |
|sample_imag_ce0       | out |    1|  ap_memory |  sample_imag |     array    |
|sample_imag_we0       | out |    1|  ap_memory |  sample_imag |     array    |
|sample_imag_d0        | out |   32|  ap_memory |  sample_imag |     array    |
|sample_imag_q0        |  in |   32|  ap_memory |  sample_imag |     array    |
+----------------------+-----+-----+------------+--------------+--------------+

